<!doctype html public "-//w3c//dtd html 4.0 transitional//en">
<html><head>
<title>Static Call Graph - [.\debug\sensor_hub.axf]</title></head>
<body><HR>
<H1>Static Call Graph for image .\debug\sensor_hub.axf</H1><HR>
<BR><P>#&#060CALLGRAPH&#062# ARM Linker, 5040049: Last Updated: Fri Nov 13 18:29:14 2015
<BR><P>
<H3>Maximum Stack Usage =        108 bytes + Unknown(Functions without stacksize, Cycles, Untraceable Function Pointers)</H3><H3>
Call chain for Maximum Stack Depth:</H3>
__rt_entry_main &rArr; main &rArr; adxl345_get_xyz_data &rArr; adxl345_read_data_number &rArr; IIC_Read_Byte &rArr; SDA_IN &rArr; GPIO_Init
<P>
<H3>
Functions with no stack information
</H3><UL>
 <LI><a href="#[9a]">__user_initial_stackheap</a>
</UL>
</UL>
<P>
<H3>
Mutually Recursive functions
</H3> <LI><a href="#[15]">ADC1_IRQHandler</a>&nbsp;&nbsp;&nbsp;&rArr;&nbsp;&nbsp;&nbsp;<a href="#[15]">ADC1_IRQHandler</a><BR>
</UL>
<P>
<H3>
Function Pointers
</H3><UL>
 <LI><a href="#[15]">ADC1_IRQHandler</a> from startup_stm32f030.o(.text) referenced from startup_stm32f030.o(RESET)
 <LI><a href="#[12]">DMA1_Channel1_IRQHandler</a> from startup_stm32f030.o(.text) referenced from startup_stm32f030.o(RESET)
 <LI><a href="#[13]">DMA1_Channel2_3_IRQHandler</a> from startup_stm32f030.o(.text) referenced from startup_stm32f030.o(RESET)
 <LI><a href="#[14]">DMA1_Channel4_5_IRQHandler</a> from startup_stm32f030.o(.text) referenced from startup_stm32f030.o(RESET)
 <LI><a href="#[f]">EXTI0_1_IRQHandler</a> from startup_stm32f030.o(.text) referenced from startup_stm32f030.o(RESET)
 <LI><a href="#[10]">EXTI2_3_IRQHandler</a> from startup_stm32f030.o(.text) referenced from startup_stm32f030.o(RESET)
 <LI><a href="#[11]">EXTI4_15_IRQHandler</a> from startup_stm32f030.o(.text) referenced from startup_stm32f030.o(RESET)
 <LI><a href="#[d]">FLASH_IRQHandler</a> from startup_stm32f030.o(.text) referenced from startup_stm32f030.o(RESET)
 <LI><a href="#[7]">HardFault_Handler</a> from stm32f0xx_it.o(.text) referenced from startup_stm32f030.o(RESET)
 <LI><a href="#[1d]">I2C1_IRQHandler</a> from stm32f0xx_it.o(.text) referenced from startup_stm32f030.o(RESET)
 <LI><a href="#[1e]">I2C2_IRQHandler</a> from startup_stm32f030.o(.text) referenced from startup_stm32f030.o(RESET)
 <LI><a href="#[6]">NMI_Handler</a> from stm32f0xx_it.o(.text) referenced from startup_stm32f030.o(RESET)
 <LI><a href="#[9]">PendSV_Handler</a> from stm32f0xx_it.o(.text) referenced from startup_stm32f030.o(RESET)
 <LI><a href="#[e]">RCC_IRQHandler</a> from startup_stm32f030.o(.text) referenced from startup_stm32f030.o(RESET)
 <LI><a href="#[c]">RTC_IRQHandler</a> from startup_stm32f030.o(.text) referenced from startup_stm32f030.o(RESET)
 <LI><a href="#[5]">Reset_Handler</a> from startup_stm32f030.o(.text) referenced from startup_stm32f030.o(RESET)
 <LI><a href="#[1f]">SPI1_IRQHandler</a> from startup_stm32f030.o(.text) referenced from startup_stm32f030.o(RESET)
 <LI><a href="#[20]">SPI2_IRQHandler</a> from startup_stm32f030.o(.text) referenced from startup_stm32f030.o(RESET)
 <LI><a href="#[8]">SVC_Handler</a> from stm32f0xx_it.o(.text) referenced from startup_stm32f030.o(RESET)
 <LI><a href="#[a]">SysTick_Handler</a> from stm32f0xx_it.o(.text) referenced from startup_stm32f030.o(RESET)
 <LI><a href="#[23]">SystemInit</a> from system_stm32f0xx.o(.text) referenced from startup_stm32f030.o(.text)
 <LI><a href="#[19]">TIM14_IRQHandler</a> from startup_stm32f030.o(.text) referenced from startup_stm32f030.o(RESET)
 <LI><a href="#[1a]">TIM15_IRQHandler</a> from startup_stm32f030.o(.text) referenced from startup_stm32f030.o(RESET)
 <LI><a href="#[1b]">TIM16_IRQHandler</a> from startup_stm32f030.o(.text) referenced from startup_stm32f030.o(RESET)
 <LI><a href="#[1c]">TIM17_IRQHandler</a> from startup_stm32f030.o(.text) referenced from startup_stm32f030.o(RESET)
 <LI><a href="#[16]">TIM1_BRK_UP_TRG_COM_IRQHandler</a> from startup_stm32f030.o(.text) referenced from startup_stm32f030.o(RESET)
 <LI><a href="#[17]">TIM1_CC_IRQHandler</a> from startup_stm32f030.o(.text) referenced from startup_stm32f030.o(RESET)
 <LI><a href="#[18]">TIM3_IRQHandler</a> from stm32f0xx_it.o(.text) referenced from startup_stm32f030.o(RESET)
 <LI><a href="#[21]">USART1_IRQHandler</a> from startup_stm32f030.o(.text) referenced from startup_stm32f030.o(RESET)
 <LI><a href="#[22]">USART2_IRQHandler</a> from startup_stm32f030.o(.text) referenced from startup_stm32f030.o(RESET)
 <LI><a href="#[b]">WWDG_IRQHandler</a> from startup_stm32f030.o(.text) referenced from startup_stm32f030.o(RESET)
 <LI><a href="#[25]">__main</a> from __main.o(!!!main) referenced from startup_stm32f030.o(.text)
</UL>
<P>
<H3>
Global Symbols
</H3>
<P><STRONG><a name="[25]"></a>__main</STRONG> (Thumb, 8 bytes, Stack size 0 bytes, __main.o(!!!main))
<BR><BR>[Calls]<UL><LI><a href="#[27]">&gt;&gt;</a>&nbsp;&nbsp;&nbsp;__rt_entry
<LI><a href="#[26]">&gt;&gt;</a>&nbsp;&nbsp;&nbsp;__scatterload
</UL>

<P><STRONG><a name="[26]"></a>__scatterload</STRONG> (Thumb, 0 bytes, Stack size unknown bytes, __scatter.o(!!!scatter))
<BR><BR>[Called By]<UL><LI><a href="#[25]">&gt;&gt;</a>&nbsp;&nbsp;&nbsp;__main
</UL>

<P><STRONG><a name="[28]"></a>__scatterload_rt2</STRONG> (Thumb, 52 bytes, Stack size unknown bytes, __scatter.o(!!!scatter), UNUSED)
<BR><BR>[Calls]<UL><LI><a href="#[27]">&gt;&gt;</a>&nbsp;&nbsp;&nbsp;__rt_entry
</UL>

<P><STRONG><a name="[9d]"></a>__scatterload_rt2_thumb_only</STRONG> (Thumb, 0 bytes, Stack size unknown bytes, __scatter.o(!!!scatter), UNUSED)

<P><STRONG><a name="[9e]"></a>__scatterload_null</STRONG> (Thumb, 0 bytes, Stack size unknown bytes, __scatter.o(!!!scatter), UNUSED)

<P><STRONG><a name="[29]"></a>__scatterload_copy</STRONG> (Thumb, 26 bytes, Stack size unknown bytes, __scatter_copy.o(!!handler_copy), UNUSED)
<BR><BR>[Calls]<UL><LI><a href="#[29]">&gt;&gt;</a>&nbsp;&nbsp;&nbsp;__scatterload_copy
</UL>
<BR>[Called By]<UL><LI><a href="#[29]">&gt;&gt;</a>&nbsp;&nbsp;&nbsp;__scatterload_copy
</UL>

<P><STRONG><a name="[9f]"></a>__scatterload_zeroinit</STRONG> (Thumb, 28 bytes, Stack size unknown bytes, __scatter_zi.o(!!handler_zi), UNUSED)

<P><STRONG><a name="[2d]"></a>__rt_lib_init</STRONG> (Thumb, 0 bytes, Stack size unknown bytes, libinit.o(.ARM.Collect$$libinit$$00000000))
<BR><BR>[Called By]<UL><LI><a href="#[2c]">&gt;&gt;</a>&nbsp;&nbsp;&nbsp;__rt_entry_li
</UL>

<P><STRONG><a name="[a0]"></a>__rt_lib_init_fp_1</STRONG> (Thumb, 0 bytes, Stack size unknown bytes, libinit2.o(.ARM.Collect$$libinit$$00000001))

<P><STRONG><a name="[a1]"></a>__rt_lib_init_alloca_1</STRONG> (Thumb, 0 bytes, Stack size unknown bytes, libinit2.o(.ARM.Collect$$libinit$$0000002C))

<P><STRONG><a name="[a2]"></a>__rt_lib_init_argv_1</STRONG> (Thumb, 0 bytes, Stack size unknown bytes, libinit2.o(.ARM.Collect$$libinit$$0000002A))

<P><STRONG><a name="[a3]"></a>__rt_lib_init_atexit_1</STRONG> (Thumb, 0 bytes, Stack size unknown bytes, libinit2.o(.ARM.Collect$$libinit$$00000019))

<P><STRONG><a name="[a4]"></a>__rt_lib_init_clock_1</STRONG> (Thumb, 0 bytes, Stack size unknown bytes, libinit2.o(.ARM.Collect$$libinit$$0000001F))

<P><STRONG><a name="[a5]"></a>__rt_lib_init_cpp_1</STRONG> (Thumb, 0 bytes, Stack size unknown bytes, libinit2.o(.ARM.Collect$$libinit$$00000030))

<P><STRONG><a name="[a6]"></a>__rt_lib_init_exceptions_1</STRONG> (Thumb, 0 bytes, Stack size unknown bytes, libinit2.o(.ARM.Collect$$libinit$$0000002E))

<P><STRONG><a name="[a7]"></a>__rt_lib_init_fp_trap_1</STRONG> (Thumb, 0 bytes, Stack size unknown bytes, libinit2.o(.ARM.Collect$$libinit$$0000001D))

<P><STRONG><a name="[a8]"></a>__rt_lib_init_getenv_1</STRONG> (Thumb, 0 bytes, Stack size unknown bytes, libinit2.o(.ARM.Collect$$libinit$$00000021))

<P><STRONG><a name="[a9]"></a>__rt_lib_init_heap_1</STRONG> (Thumb, 0 bytes, Stack size unknown bytes, libinit2.o(.ARM.Collect$$libinit$$00000008))

<P><STRONG><a name="[aa]"></a>__rt_lib_init_lc_collate_1</STRONG> (Thumb, 0 bytes, Stack size unknown bytes, libinit2.o(.ARM.Collect$$libinit$$0000000F))

<P><STRONG><a name="[ab]"></a>__rt_lib_init_lc_ctype_1</STRONG> (Thumb, 0 bytes, Stack size unknown bytes, libinit2.o(.ARM.Collect$$libinit$$00000011))

<P><STRONG><a name="[ac]"></a>__rt_lib_init_lc_monetary_1</STRONG> (Thumb, 0 bytes, Stack size unknown bytes, libinit2.o(.ARM.Collect$$libinit$$00000013))

<P><STRONG><a name="[ad]"></a>__rt_lib_init_lc_numeric_1</STRONG> (Thumb, 0 bytes, Stack size unknown bytes, libinit2.o(.ARM.Collect$$libinit$$00000015))

<P><STRONG><a name="[ae]"></a>__rt_lib_init_lc_time_1</STRONG> (Thumb, 0 bytes, Stack size unknown bytes, libinit2.o(.ARM.Collect$$libinit$$00000017))

<P><STRONG><a name="[af]"></a>__rt_lib_init_rand_1</STRONG> (Thumb, 0 bytes, Stack size unknown bytes, libinit2.o(.ARM.Collect$$libinit$$0000000C))

<P><STRONG><a name="[b0]"></a>__rt_lib_init_return</STRONG> (Thumb, 0 bytes, Stack size unknown bytes, libinit2.o(.ARM.Collect$$libinit$$00000031))

<P><STRONG><a name="[b1]"></a>__rt_lib_init_signal_1</STRONG> (Thumb, 0 bytes, Stack size unknown bytes, libinit2.o(.ARM.Collect$$libinit$$0000001B))

<P><STRONG><a name="[b2]"></a>__rt_lib_init_stdio_1</STRONG> (Thumb, 0 bytes, Stack size unknown bytes, libinit2.o(.ARM.Collect$$libinit$$00000023))

<P><STRONG><a name="[b3]"></a>__rt_lib_init_user_alloc_1</STRONG> (Thumb, 0 bytes, Stack size unknown bytes, libinit2.o(.ARM.Collect$$libinit$$0000000A))

<P><STRONG><a name="[32]"></a>__rt_lib_shutdown</STRONG> (Thumb, 0 bytes, Stack size unknown bytes, libshutdown.o(.ARM.Collect$$libshutdown$$00000000))
<BR><BR>[Called By]<UL><LI><a href="#[31]">&gt;&gt;</a>&nbsp;&nbsp;&nbsp;__rt_exit_ls
</UL>

<P><STRONG><a name="[b4]"></a>__rt_lib_shutdown_fp_trap_1</STRONG> (Thumb, 0 bytes, Stack size unknown bytes, libshutdown2.o(.ARM.Collect$$libshutdown$$00000006))

<P><STRONG><a name="[b5]"></a>__rt_lib_shutdown_heap_1</STRONG> (Thumb, 0 bytes, Stack size unknown bytes, libshutdown2.o(.ARM.Collect$$libshutdown$$0000000E))

<P><STRONG><a name="[b6]"></a>__rt_lib_shutdown_return</STRONG> (Thumb, 0 bytes, Stack size unknown bytes, libshutdown2.o(.ARM.Collect$$libshutdown$$0000000F))

<P><STRONG><a name="[b7]"></a>__rt_lib_shutdown_signal_1</STRONG> (Thumb, 0 bytes, Stack size unknown bytes, libshutdown2.o(.ARM.Collect$$libshutdown$$00000009))

<P><STRONG><a name="[b8]"></a>__rt_lib_shutdown_stdio_1</STRONG> (Thumb, 0 bytes, Stack size unknown bytes, libshutdown2.o(.ARM.Collect$$libshutdown$$00000003))

<P><STRONG><a name="[b9]"></a>__rt_lib_shutdown_user_alloc_1</STRONG> (Thumb, 0 bytes, Stack size unknown bytes, libshutdown2.o(.ARM.Collect$$libshutdown$$0000000B))

<P><STRONG><a name="[27]"></a>__rt_entry</STRONG> (Thumb, 0 bytes, Stack size unknown bytes, rtentry.o(.ARM.Collect$$rtentry$$00000000))
<BR><BR>[Called By]<UL><LI><a href="#[25]">&gt;&gt;</a>&nbsp;&nbsp;&nbsp;__main
<LI><a href="#[28]">&gt;&gt;</a>&nbsp;&nbsp;&nbsp;__scatterload_rt2
</UL>

<P><STRONG><a name="[ba]"></a>__rt_entry_presh_1</STRONG> (Thumb, 0 bytes, Stack size unknown bytes, rtentry2.o(.ARM.Collect$$rtentry$$00000002))

<P><STRONG><a name="[2a]"></a>__rt_entry_sh</STRONG> (Thumb, 0 bytes, Stack size unknown bytes, rtentry4.o(.ARM.Collect$$rtentry$$00000004))
<BR><BR>[Stack]<UL><LI>Max Depth = 8 + Unknown Stack Size
<LI>Call Chain = __rt_entry_sh &rArr; __user_setup_stackheap
</UL>
<BR>[Calls]<UL><LI><a href="#[2b]">&gt;&gt;</a>&nbsp;&nbsp;&nbsp;__user_setup_stackheap
</UL>

<P><STRONG><a name="[2c]"></a>__rt_entry_li</STRONG> (Thumb, 0 bytes, Stack size unknown bytes, rtentry2.o(.ARM.Collect$$rtentry$$0000000A))
<BR><BR>[Calls]<UL><LI><a href="#[2d]">&gt;&gt;</a>&nbsp;&nbsp;&nbsp;__rt_lib_init
</UL>

<P><STRONG><a name="[bb]"></a>__rt_entry_postsh_1</STRONG> (Thumb, 0 bytes, Stack size unknown bytes, rtentry2.o(.ARM.Collect$$rtentry$$00000009))

<P><STRONG><a name="[2e]"></a>__rt_entry_main</STRONG> (Thumb, 0 bytes, Stack size unknown bytes, rtentry2.o(.ARM.Collect$$rtentry$$0000000D))
<BR><BR>[Stack]<UL><LI>Max Depth = 108 + Unknown Stack Size
<LI>Call Chain = __rt_entry_main &rArr; main &rArr; adxl345_get_xyz_data &rArr; adxl345_read_data_number &rArr; IIC_Read_Byte &rArr; SDA_IN &rArr; GPIO_Init
</UL>
<BR>[Calls]<UL><LI><a href="#[2f]">&gt;&gt;</a>&nbsp;&nbsp;&nbsp;main
<LI><a href="#[30]">&gt;&gt;</a>&nbsp;&nbsp;&nbsp;exit
</UL>

<P><STRONG><a name="[bc]"></a>__rt_entry_postli_1</STRONG> (Thumb, 0 bytes, Stack size unknown bytes, rtentry2.o(.ARM.Collect$$rtentry$$0000000C))

<P><STRONG><a name="[9c]"></a>__rt_exit</STRONG> (Thumb, 0 bytes, Stack size unknown bytes, rtexit.o(.ARM.Collect$$rtexit$$00000000))
<BR><BR>[Called By]<UL><LI><a href="#[30]">&gt;&gt;</a>&nbsp;&nbsp;&nbsp;exit
</UL>

<P><STRONG><a name="[31]"></a>__rt_exit_ls</STRONG> (Thumb, 0 bytes, Stack size unknown bytes, rtexit2.o(.ARM.Collect$$rtexit$$00000003))
<BR><BR>[Calls]<UL><LI><a href="#[32]">&gt;&gt;</a>&nbsp;&nbsp;&nbsp;__rt_lib_shutdown
</UL>

<P><STRONG><a name="[bd]"></a>__rt_exit_prels_1</STRONG> (Thumb, 0 bytes, Stack size unknown bytes, rtexit2.o(.ARM.Collect$$rtexit$$00000002))

<P><STRONG><a name="[33]"></a>__rt_exit_exit</STRONG> (Thumb, 0 bytes, Stack size unknown bytes, rtexit2.o(.ARM.Collect$$rtexit$$00000004))
<BR><BR>[Calls]<UL><LI><a href="#[34]">&gt;&gt;</a>&nbsp;&nbsp;&nbsp;_sys_exit
</UL>

<P><STRONG><a name="[35]"></a>GPIO_Test_for_TE</STRONG> (Thumb, 214 bytes, Stack size 16 bytes, main.o(.text))
<BR><BR>[Stack]<UL><LI>Max Depth = 36<LI>Call Chain = GPIO_Test_for_TE &rArr; GPIO_Init
</UL>
<BR>[Calls]<UL><LI><a href="#[36]">&gt;&gt;</a>&nbsp;&nbsp;&nbsp;delay_ms
<LI><a href="#[38]">&gt;&gt;</a>&nbsp;&nbsp;&nbsp;GPIO_SetBits
<LI><a href="#[3a]">&gt;&gt;</a>&nbsp;&nbsp;&nbsp;GPIO_ResetBits
<LI><a href="#[39]">&gt;&gt;</a>&nbsp;&nbsp;&nbsp;GPIO_ReadInputDataBit
<LI><a href="#[37]">&gt;&gt;</a>&nbsp;&nbsp;&nbsp;GPIO_Init
</UL>
<BR>[Called By]<UL><LI><a href="#[2f]">&gt;&gt;</a>&nbsp;&nbsp;&nbsp;main
</UL>

<P><STRONG><a name="[3b]"></a>sys_gpio_init</STRONG> (Thumb, 100 bytes, Stack size 16 bytes, main.o(.text))
<BR><BR>[Stack]<UL><LI>Max Depth = 36<LI>Call Chain = sys_gpio_init &rArr; GPIO_Init
</UL>
<BR>[Calls]<UL><LI><a href="#[3c]">&gt;&gt;</a>&nbsp;&nbsp;&nbsp;RCC_AHBPeriphClockCmd
<LI><a href="#[38]">&gt;&gt;</a>&nbsp;&nbsp;&nbsp;GPIO_SetBits
<LI><a href="#[37]">&gt;&gt;</a>&nbsp;&nbsp;&nbsp;GPIO_Init
</UL>
<BR>[Called By]<UL><LI><a href="#[2f]">&gt;&gt;</a>&nbsp;&nbsp;&nbsp;main
</UL>

<P><STRONG><a name="[2f]"></a>main</STRONG> (Thumb, 86 bytes, Stack size 0 bytes, main.o(.text))
<BR><BR>[Stack]<UL><LI>Max Depth = 108<LI>Call Chain = main &rArr; adxl345_get_xyz_data &rArr; adxl345_read_data_number &rArr; IIC_Read_Byte &rArr; SDA_IN &rArr; GPIO_Init
</UL>
<BR>[Calls]<UL><LI><a href="#[41]">&gt;&gt;</a>&nbsp;&nbsp;&nbsp;tls2561t_init
<LI><a href="#[44]">&gt;&gt;</a>&nbsp;&nbsp;&nbsp;tls2561t_get_light_data
<LI><a href="#[42]">&gt;&gt;</a>&nbsp;&nbsp;&nbsp;lm75a_init
<LI><a href="#[45]">&gt;&gt;</a>&nbsp;&nbsp;&nbsp;lm75a_get_temp_data
<LI><a href="#[36]">&gt;&gt;</a>&nbsp;&nbsp;&nbsp;delay_ms
<LI><a href="#[3d]">&gt;&gt;</a>&nbsp;&nbsp;&nbsp;delay_init
<LI><a href="#[40]">&gt;&gt;</a>&nbsp;&nbsp;&nbsp;adxl345_init
<LI><a href="#[43]">&gt;&gt;</a>&nbsp;&nbsp;&nbsp;adxl345_get_xyz_data
<LI><a href="#[3f]">&gt;&gt;</a>&nbsp;&nbsp;&nbsp;IIC_Sw_Init
<LI><a href="#[3e]">&gt;&gt;</a>&nbsp;&nbsp;&nbsp;I2C_Configuration
<LI><a href="#[3b]">&gt;&gt;</a>&nbsp;&nbsp;&nbsp;sys_gpio_init
<LI><a href="#[35]">&gt;&gt;</a>&nbsp;&nbsp;&nbsp;GPIO_Test_for_TE
</UL>
<BR>[Called By]<UL><LI><a href="#[2e]">&gt;&gt;</a>&nbsp;&nbsp;&nbsp;__rt_entry_main
</UL>

<P><STRONG><a name="[46]"></a>RCC_Configuration</STRONG> (Thumb, 62 bytes, Stack size 8 bytes, main.o(.text), UNUSED)
<BR><BR>[Calls]<UL><LI><a href="#[4a]">&gt;&gt;</a>&nbsp;&nbsp;&nbsp;RCC_SYSCLKConfig
<LI><a href="#[47]">&gt;&gt;</a>&nbsp;&nbsp;&nbsp;RCC_PLLConfig
<LI><a href="#[48]">&gt;&gt;</a>&nbsp;&nbsp;&nbsp;RCC_PLLCmd
<LI><a href="#[4b]">&gt;&gt;</a>&nbsp;&nbsp;&nbsp;RCC_GetSYSCLKSource
<LI><a href="#[49]">&gt;&gt;</a>&nbsp;&nbsp;&nbsp;RCC_GetFlagStatus
</UL>

<P><STRONG><a name="[6]"></a>NMI_Handler</STRONG> (Thumb, 2 bytes, Stack size 0 bytes, stm32f0xx_it.o(.text))
<BR>[Address Reference Count : 1]<UL><LI> startup_stm32f030.o(RESET)
</UL>
<P><STRONG><a name="[7]"></a>HardFault_Handler</STRONG> (Thumb, 4 bytes, Stack size 0 bytes, stm32f0xx_it.o(.text))
<BR>[Address Reference Count : 1]<UL><LI> startup_stm32f030.o(RESET)
</UL>
<P><STRONG><a name="[8]"></a>SVC_Handler</STRONG> (Thumb, 2 bytes, Stack size 0 bytes, stm32f0xx_it.o(.text))
<BR>[Address Reference Count : 1]<UL><LI> startup_stm32f030.o(RESET)
</UL>
<P><STRONG><a name="[9]"></a>PendSV_Handler</STRONG> (Thumb, 2 bytes, Stack size 0 bytes, stm32f0xx_it.o(.text))
<BR>[Address Reference Count : 1]<UL><LI> startup_stm32f030.o(RESET)
</UL>
<P><STRONG><a name="[a]"></a>SysTick_Handler</STRONG> (Thumb, 8 bytes, Stack size 8 bytes, stm32f0xx_it.o(.text))
<BR><BR>[Stack]<UL><LI>Max Depth = 8<LI>Call Chain = SysTick_Handler
</UL>
<BR>[Calls]<UL><LI><a href="#[4c]">&gt;&gt;</a>&nbsp;&nbsp;&nbsp;Delay_Decrement
</UL>
<BR>[Address Reference Count : 1]<UL><LI> startup_stm32f030.o(RESET)
</UL>
<P><STRONG><a name="[1d]"></a>I2C1_IRQHandler</STRONG> (Thumb, 8 bytes, Stack size 8 bytes, stm32f0xx_it.o(.text))
<BR><BR>[Stack]<UL><LI>Max Depth = 8<LI>Call Chain = I2C1_IRQHandler
</UL>
<BR>[Calls]<UL><LI><a href="#[4d]">&gt;&gt;</a>&nbsp;&nbsp;&nbsp;I2C_Call_Back
</UL>
<BR>[Address Reference Count : 1]<UL><LI> startup_stm32f030.o(RESET)
</UL>
<P><STRONG><a name="[18]"></a>TIM3_IRQHandler</STRONG> (Thumb, 8 bytes, Stack size 8 bytes, stm32f0xx_it.o(.text))
<BR><BR>[Stack]<UL><LI>Max Depth = 28<LI>Call Chain = TIM3_IRQHandler &rArr; TIM3_Call_Back &rArr; TIM_GetITStatus
</UL>
<BR>[Calls]<UL><LI><a href="#[4e]">&gt;&gt;</a>&nbsp;&nbsp;&nbsp;TIM3_Call_Back
</UL>
<BR>[Address Reference Count : 1]<UL><LI> startup_stm32f030.o(RESET)
</UL>
<P><STRONG><a name="[3f]"></a>IIC_Sw_Init</STRONG> (Thumb, 72 bytes, Stack size 8 bytes, i2csw.o(.text))
<BR><BR>[Stack]<UL><LI>Max Depth = 28<LI>Call Chain = IIC_Sw_Init &rArr; GPIO_Init
</UL>
<BR>[Calls]<UL><LI><a href="#[38]">&gt;&gt;</a>&nbsp;&nbsp;&nbsp;GPIO_SetBits
<LI><a href="#[37]">&gt;&gt;</a>&nbsp;&nbsp;&nbsp;GPIO_Init
</UL>
<BR>[Called By]<UL><LI><a href="#[2f]">&gt;&gt;</a>&nbsp;&nbsp;&nbsp;main
</UL>

<P><STRONG><a name="[4f]"></a>SDA_OUT</STRONG> (Thumb, 34 bytes, Stack size 8 bytes, i2csw.o(.text))
<BR><BR>[Stack]<UL><LI>Max Depth = 28<LI>Call Chain = SDA_OUT &rArr; GPIO_Init
</UL>
<BR>[Calls]<UL><LI><a href="#[50]">&gt;&gt;</a>&nbsp;&nbsp;&nbsp;GPIO_StructInit
<LI><a href="#[37]">&gt;&gt;</a>&nbsp;&nbsp;&nbsp;GPIO_Init
</UL>
<BR>[Called By]<UL><LI><a href="#[5e]">&gt;&gt;</a>&nbsp;&nbsp;&nbsp;IIC_Read_Byte
<LI><a href="#[5a]">&gt;&gt;</a>&nbsp;&nbsp;&nbsp;IIC_Wait_Ack
</UL>

<P><STRONG><a name="[51]"></a>SDA_IN</STRONG> (Thumb, 32 bytes, Stack size 8 bytes, i2csw.o(.text))
<BR><BR>[Stack]<UL><LI>Max Depth = 28<LI>Call Chain = SDA_IN &rArr; GPIO_Init
</UL>
<BR>[Calls]<UL><LI><a href="#[50]">&gt;&gt;</a>&nbsp;&nbsp;&nbsp;GPIO_StructInit
<LI><a href="#[37]">&gt;&gt;</a>&nbsp;&nbsp;&nbsp;GPIO_Init
</UL>
<BR>[Called By]<UL><LI><a href="#[5e]">&gt;&gt;</a>&nbsp;&nbsp;&nbsp;IIC_Read_Byte
<LI><a href="#[5a]">&gt;&gt;</a>&nbsp;&nbsp;&nbsp;IIC_Wait_Ack
</UL>

<P><STRONG><a name="[52]"></a>SDA_READ</STRONG> (Thumb, 12 bytes, Stack size 8 bytes, i2csw.o(.text))
<BR><BR>[Stack]<UL><LI>Max Depth = 8<LI>Call Chain = SDA_READ
</UL>
<BR>[Calls]<UL><LI><a href="#[39]">&gt;&gt;</a>&nbsp;&nbsp;&nbsp;GPIO_ReadInputDataBit
</UL>
<BR>[Called By]<UL><LI><a href="#[5e]">&gt;&gt;</a>&nbsp;&nbsp;&nbsp;IIC_Read_Byte
<LI><a href="#[5a]">&gt;&gt;</a>&nbsp;&nbsp;&nbsp;IIC_Wait_Ack
</UL>

<P><STRONG><a name="[53]"></a>IIC_SDA_1</STRONG> (Thumb, 12 bytes, Stack size 8 bytes, i2csw.o(.text))
<BR><BR>[Stack]<UL><LI>Max Depth = 8<LI>Call Chain = IIC_SDA_1
</UL>
<BR>[Calls]<UL><LI><a href="#[38]">&gt;&gt;</a>&nbsp;&nbsp;&nbsp;GPIO_SetBits
</UL>
<BR>[Called By]<UL><LI><a href="#[5d]">&gt;&gt;</a>&nbsp;&nbsp;&nbsp;IIC_Send_Byte
<LI><a href="#[5c]">&gt;&gt;</a>&nbsp;&nbsp;&nbsp;IIC_NAck
<LI><a href="#[59]">&gt;&gt;</a>&nbsp;&nbsp;&nbsp;IIC_Stop
<LI><a href="#[57]">&gt;&gt;</a>&nbsp;&nbsp;&nbsp;IIC_Start
</UL>

<P><STRONG><a name="[54]"></a>IIC_SDA_0</STRONG> (Thumb, 12 bytes, Stack size 8 bytes, i2csw.o(.text))
<BR><BR>[Stack]<UL><LI>Max Depth = 8<LI>Call Chain = IIC_SDA_0
</UL>
<BR>[Calls]<UL><LI><a href="#[3a]">&gt;&gt;</a>&nbsp;&nbsp;&nbsp;GPIO_ResetBits
</UL>
<BR>[Called By]<UL><LI><a href="#[5d]">&gt;&gt;</a>&nbsp;&nbsp;&nbsp;IIC_Send_Byte
<LI><a href="#[5b]">&gt;&gt;</a>&nbsp;&nbsp;&nbsp;IIC_Ack
<LI><a href="#[59]">&gt;&gt;</a>&nbsp;&nbsp;&nbsp;IIC_Stop
<LI><a href="#[57]">&gt;&gt;</a>&nbsp;&nbsp;&nbsp;IIC_Start
</UL>

<P><STRONG><a name="[55]"></a>IIC_SCL_1</STRONG> (Thumb, 14 bytes, Stack size 8 bytes, i2csw.o(.text))
<BR><BR>[Stack]<UL><LI>Max Depth = 8<LI>Call Chain = IIC_SCL_1
</UL>
<BR>[Calls]<UL><LI><a href="#[38]">&gt;&gt;</a>&nbsp;&nbsp;&nbsp;GPIO_SetBits
</UL>
<BR>[Called By]<UL><LI><a href="#[5e]">&gt;&gt;</a>&nbsp;&nbsp;&nbsp;IIC_Read_Byte
<LI><a href="#[5d]">&gt;&gt;</a>&nbsp;&nbsp;&nbsp;IIC_Send_Byte
<LI><a href="#[5c]">&gt;&gt;</a>&nbsp;&nbsp;&nbsp;IIC_NAck
<LI><a href="#[5b]">&gt;&gt;</a>&nbsp;&nbsp;&nbsp;IIC_Ack
<LI><a href="#[5a]">&gt;&gt;</a>&nbsp;&nbsp;&nbsp;IIC_Wait_Ack
<LI><a href="#[59]">&gt;&gt;</a>&nbsp;&nbsp;&nbsp;IIC_Stop
<LI><a href="#[57]">&gt;&gt;</a>&nbsp;&nbsp;&nbsp;IIC_Start
</UL>

<P><STRONG><a name="[56]"></a>IIC_SCL_0</STRONG> (Thumb, 14 bytes, Stack size 8 bytes, i2csw.o(.text))
<BR><BR>[Stack]<UL><LI>Max Depth = 8<LI>Call Chain = IIC_SCL_0
</UL>
<BR>[Calls]<UL><LI><a href="#[3a]">&gt;&gt;</a>&nbsp;&nbsp;&nbsp;GPIO_ResetBits
</UL>
<BR>[Called By]<UL><LI><a href="#[5e]">&gt;&gt;</a>&nbsp;&nbsp;&nbsp;IIC_Read_Byte
<LI><a href="#[5d]">&gt;&gt;</a>&nbsp;&nbsp;&nbsp;IIC_Send_Byte
<LI><a href="#[5c]">&gt;&gt;</a>&nbsp;&nbsp;&nbsp;IIC_NAck
<LI><a href="#[5b]">&gt;&gt;</a>&nbsp;&nbsp;&nbsp;IIC_Ack
<LI><a href="#[5a]">&gt;&gt;</a>&nbsp;&nbsp;&nbsp;IIC_Wait_Ack
<LI><a href="#[57]">&gt;&gt;</a>&nbsp;&nbsp;&nbsp;IIC_Start
</UL>

<P><STRONG><a name="[57]"></a>IIC_Start</STRONG> (Thumb, 38 bytes, Stack size 8 bytes, i2csw.o(.text))
<BR><BR>[Stack]<UL><LI>Max Depth = 16<LI>Call Chain = IIC_Start &rArr; delay_us
</UL>
<BR>[Calls]<UL><LI><a href="#[58]">&gt;&gt;</a>&nbsp;&nbsp;&nbsp;delay_us
<LI><a href="#[56]">&gt;&gt;</a>&nbsp;&nbsp;&nbsp;IIC_SCL_0
<LI><a href="#[55]">&gt;&gt;</a>&nbsp;&nbsp;&nbsp;IIC_SCL_1
<LI><a href="#[54]">&gt;&gt;</a>&nbsp;&nbsp;&nbsp;IIC_SDA_0
<LI><a href="#[53]">&gt;&gt;</a>&nbsp;&nbsp;&nbsp;IIC_SDA_1
</UL>
<BR>[Called By]<UL><LI><a href="#[76]">&gt;&gt;</a>&nbsp;&nbsp;&nbsp;tls2561t_write_data
<LI><a href="#[75]">&gt;&gt;</a>&nbsp;&nbsp;&nbsp;tls256l_read_data
<LI><a href="#[74]">&gt;&gt;</a>&nbsp;&nbsp;&nbsp;lm75a_write_data
<LI><a href="#[73]">&gt;&gt;</a>&nbsp;&nbsp;&nbsp;lm75a_read_data
<LI><a href="#[63]">&gt;&gt;</a>&nbsp;&nbsp;&nbsp;adxl345_write_data
<LI><a href="#[62]">&gt;&gt;</a>&nbsp;&nbsp;&nbsp;adxl345_read_data_number
<LI><a href="#[61]">&gt;&gt;</a>&nbsp;&nbsp;&nbsp;adxl345_read_data
</UL>

<P><STRONG><a name="[59]"></a>IIC_Stop</STRONG> (Thumb, 28 bytes, Stack size 8 bytes, i2csw.o(.text))
<BR><BR>[Stack]<UL><LI>Max Depth = 16<LI>Call Chain = IIC_Stop &rArr; delay_us
</UL>
<BR>[Calls]<UL><LI><a href="#[58]">&gt;&gt;</a>&nbsp;&nbsp;&nbsp;delay_us
<LI><a href="#[55]">&gt;&gt;</a>&nbsp;&nbsp;&nbsp;IIC_SCL_1
<LI><a href="#[54]">&gt;&gt;</a>&nbsp;&nbsp;&nbsp;IIC_SDA_0
<LI><a href="#[53]">&gt;&gt;</a>&nbsp;&nbsp;&nbsp;IIC_SDA_1
</UL>
<BR>[Called By]<UL><LI><a href="#[76]">&gt;&gt;</a>&nbsp;&nbsp;&nbsp;tls2561t_write_data
<LI><a href="#[75]">&gt;&gt;</a>&nbsp;&nbsp;&nbsp;tls256l_read_data
<LI><a href="#[74]">&gt;&gt;</a>&nbsp;&nbsp;&nbsp;lm75a_write_data
<LI><a href="#[73]">&gt;&gt;</a>&nbsp;&nbsp;&nbsp;lm75a_read_data
<LI><a href="#[63]">&gt;&gt;</a>&nbsp;&nbsp;&nbsp;adxl345_write_data
<LI><a href="#[62]">&gt;&gt;</a>&nbsp;&nbsp;&nbsp;adxl345_read_data_number
<LI><a href="#[61]">&gt;&gt;</a>&nbsp;&nbsp;&nbsp;adxl345_read_data
</UL>

<P><STRONG><a name="[5a]"></a>IIC_Wait_Ack</STRONG> (Thumb, 60 bytes, Stack size 8 bytes, i2csw.o(.text))
<BR><BR>[Stack]<UL><LI>Max Depth = 36<LI>Call Chain = IIC_Wait_Ack &rArr; SDA_IN &rArr; GPIO_Init
</UL>
<BR>[Calls]<UL><LI><a href="#[58]">&gt;&gt;</a>&nbsp;&nbsp;&nbsp;delay_us
<LI><a href="#[56]">&gt;&gt;</a>&nbsp;&nbsp;&nbsp;IIC_SCL_0
<LI><a href="#[55]">&gt;&gt;</a>&nbsp;&nbsp;&nbsp;IIC_SCL_1
<LI><a href="#[52]">&gt;&gt;</a>&nbsp;&nbsp;&nbsp;SDA_READ
<LI><a href="#[51]">&gt;&gt;</a>&nbsp;&nbsp;&nbsp;SDA_IN
<LI><a href="#[4f]">&gt;&gt;</a>&nbsp;&nbsp;&nbsp;SDA_OUT
</UL>
<BR>[Called By]<UL><LI><a href="#[76]">&gt;&gt;</a>&nbsp;&nbsp;&nbsp;tls2561t_write_data
<LI><a href="#[75]">&gt;&gt;</a>&nbsp;&nbsp;&nbsp;tls256l_read_data
<LI><a href="#[74]">&gt;&gt;</a>&nbsp;&nbsp;&nbsp;lm75a_write_data
<LI><a href="#[73]">&gt;&gt;</a>&nbsp;&nbsp;&nbsp;lm75a_read_data
<LI><a href="#[63]">&gt;&gt;</a>&nbsp;&nbsp;&nbsp;adxl345_write_data
<LI><a href="#[62]">&gt;&gt;</a>&nbsp;&nbsp;&nbsp;adxl345_read_data_number
<LI><a href="#[61]">&gt;&gt;</a>&nbsp;&nbsp;&nbsp;adxl345_read_data
</UL>

<P><STRONG><a name="[5b]"></a>IIC_Ack</STRONG> (Thumb, 28 bytes, Stack size 8 bytes, i2csw.o(.text))
<BR><BR>[Stack]<UL><LI>Max Depth = 16<LI>Call Chain = IIC_Ack &rArr; delay_us
</UL>
<BR>[Calls]<UL><LI><a href="#[58]">&gt;&gt;</a>&nbsp;&nbsp;&nbsp;delay_us
<LI><a href="#[56]">&gt;&gt;</a>&nbsp;&nbsp;&nbsp;IIC_SCL_0
<LI><a href="#[55]">&gt;&gt;</a>&nbsp;&nbsp;&nbsp;IIC_SCL_1
<LI><a href="#[54]">&gt;&gt;</a>&nbsp;&nbsp;&nbsp;IIC_SDA_0
</UL>
<BR>[Called By]<UL><LI><a href="#[75]">&gt;&gt;</a>&nbsp;&nbsp;&nbsp;tls256l_read_data
<LI><a href="#[73]">&gt;&gt;</a>&nbsp;&nbsp;&nbsp;lm75a_read_data
<LI><a href="#[62]">&gt;&gt;</a>&nbsp;&nbsp;&nbsp;adxl345_read_data_number
<LI><a href="#[61]">&gt;&gt;</a>&nbsp;&nbsp;&nbsp;adxl345_read_data
</UL>

<P><STRONG><a name="[5c]"></a>IIC_NAck</STRONG> (Thumb, 28 bytes, Stack size 8 bytes, i2csw.o(.text))
<BR><BR>[Stack]<UL><LI>Max Depth = 16<LI>Call Chain = IIC_NAck &rArr; delay_us
</UL>
<BR>[Calls]<UL><LI><a href="#[58]">&gt;&gt;</a>&nbsp;&nbsp;&nbsp;delay_us
<LI><a href="#[56]">&gt;&gt;</a>&nbsp;&nbsp;&nbsp;IIC_SCL_0
<LI><a href="#[55]">&gt;&gt;</a>&nbsp;&nbsp;&nbsp;IIC_SCL_1
<LI><a href="#[53]">&gt;&gt;</a>&nbsp;&nbsp;&nbsp;IIC_SDA_1
</UL>
<BR>[Called By]<UL><LI><a href="#[62]">&gt;&gt;</a>&nbsp;&nbsp;&nbsp;adxl345_read_data_number
</UL>

<P><STRONG><a name="[5d]"></a>IIC_Send_Byte</STRONG> (Thumb, 54 bytes, Stack size 16 bytes, i2csw.o(.text))
<BR><BR>[Stack]<UL><LI>Max Depth = 24<LI>Call Chain = IIC_Send_Byte &rArr; delay_us
</UL>
<BR>[Calls]<UL><LI><a href="#[58]">&gt;&gt;</a>&nbsp;&nbsp;&nbsp;delay_us
<LI><a href="#[56]">&gt;&gt;</a>&nbsp;&nbsp;&nbsp;IIC_SCL_0
<LI><a href="#[55]">&gt;&gt;</a>&nbsp;&nbsp;&nbsp;IIC_SCL_1
<LI><a href="#[54]">&gt;&gt;</a>&nbsp;&nbsp;&nbsp;IIC_SDA_0
<LI><a href="#[53]">&gt;&gt;</a>&nbsp;&nbsp;&nbsp;IIC_SDA_1
</UL>
<BR>[Called By]<UL><LI><a href="#[76]">&gt;&gt;</a>&nbsp;&nbsp;&nbsp;tls2561t_write_data
<LI><a href="#[75]">&gt;&gt;</a>&nbsp;&nbsp;&nbsp;tls256l_read_data
<LI><a href="#[74]">&gt;&gt;</a>&nbsp;&nbsp;&nbsp;lm75a_write_data
<LI><a href="#[73]">&gt;&gt;</a>&nbsp;&nbsp;&nbsp;lm75a_read_data
<LI><a href="#[63]">&gt;&gt;</a>&nbsp;&nbsp;&nbsp;adxl345_write_data
<LI><a href="#[62]">&gt;&gt;</a>&nbsp;&nbsp;&nbsp;adxl345_read_data_number
<LI><a href="#[61]">&gt;&gt;</a>&nbsp;&nbsp;&nbsp;adxl345_read_data
</UL>

<P><STRONG><a name="[5e]"></a>IIC_Read_Byte</STRONG> (Thumb, 58 bytes, Stack size 16 bytes, i2csw.o(.text))
<BR><BR>[Stack]<UL><LI>Max Depth = 44<LI>Call Chain = IIC_Read_Byte &rArr; SDA_IN &rArr; GPIO_Init
</UL>
<BR>[Calls]<UL><LI><a href="#[58]">&gt;&gt;</a>&nbsp;&nbsp;&nbsp;delay_us
<LI><a href="#[56]">&gt;&gt;</a>&nbsp;&nbsp;&nbsp;IIC_SCL_0
<LI><a href="#[55]">&gt;&gt;</a>&nbsp;&nbsp;&nbsp;IIC_SCL_1
<LI><a href="#[52]">&gt;&gt;</a>&nbsp;&nbsp;&nbsp;SDA_READ
<LI><a href="#[51]">&gt;&gt;</a>&nbsp;&nbsp;&nbsp;SDA_IN
<LI><a href="#[4f]">&gt;&gt;</a>&nbsp;&nbsp;&nbsp;SDA_OUT
</UL>
<BR>[Called By]<UL><LI><a href="#[75]">&gt;&gt;</a>&nbsp;&nbsp;&nbsp;tls256l_read_data
<LI><a href="#[73]">&gt;&gt;</a>&nbsp;&nbsp;&nbsp;lm75a_read_data
<LI><a href="#[62]">&gt;&gt;</a>&nbsp;&nbsp;&nbsp;adxl345_read_data_number
<LI><a href="#[61]">&gt;&gt;</a>&nbsp;&nbsp;&nbsp;adxl345_read_data
</UL>

<P><STRONG><a name="[3d]"></a>delay_init</STRONG> (Thumb, 52 bytes, Stack size 8 bytes, delay.o(.text))
<BR><BR>[Stack]<UL><LI>Max Depth = 16<LI>Call Chain = delay_init &rArr; NVIC_SetPriority
</UL>
<BR>[Calls]<UL><LI><a href="#[60]">&gt;&gt;</a>&nbsp;&nbsp;&nbsp;NVIC_SetPriority
<LI><a href="#[5f]">&gt;&gt;</a>&nbsp;&nbsp;&nbsp;__aeabi_uidivmod
</UL>
<BR>[Called By]<UL><LI><a href="#[2f]">&gt;&gt;</a>&nbsp;&nbsp;&nbsp;main
</UL>

<P><STRONG><a name="[4c]"></a>Delay_Decrement</STRONG> (Thumb, 20 bytes, Stack size 0 bytes, delay.o(.text))
<BR><BR>[Called By]<UL><LI><a href="#[a]">&gt;&gt;</a>&nbsp;&nbsp;&nbsp;SysTick_Handler
</UL>

<P><STRONG><a name="[36]"></a>delay_ms</STRONG> (Thumb, 16 bytes, Stack size 0 bytes, delay.o(.text))
<BR><BR>[Called By]<UL><LI><a href="#[44]">&gt;&gt;</a>&nbsp;&nbsp;&nbsp;tls2561t_get_light_data
<LI><a href="#[2f]">&gt;&gt;</a>&nbsp;&nbsp;&nbsp;main
<LI><a href="#[35]">&gt;&gt;</a>&nbsp;&nbsp;&nbsp;GPIO_Test_for_TE
</UL>

<P><STRONG><a name="[58]"></a>delay_us</STRONG> (Thumb, 30 bytes, Stack size 8 bytes, delay.o(.text))
<BR><BR>[Stack]<UL><LI>Max Depth = 8<LI>Call Chain = delay_us
</UL>
<BR>[Calls]<UL><LI><a href="#[5f]">&gt;&gt;</a>&nbsp;&nbsp;&nbsp;__aeabi_uidivmod
</UL>
<BR>[Called By]<UL><LI><a href="#[5e]">&gt;&gt;</a>&nbsp;&nbsp;&nbsp;IIC_Read_Byte
<LI><a href="#[5d]">&gt;&gt;</a>&nbsp;&nbsp;&nbsp;IIC_Send_Byte
<LI><a href="#[5c]">&gt;&gt;</a>&nbsp;&nbsp;&nbsp;IIC_NAck
<LI><a href="#[5b]">&gt;&gt;</a>&nbsp;&nbsp;&nbsp;IIC_Ack
<LI><a href="#[5a]">&gt;&gt;</a>&nbsp;&nbsp;&nbsp;IIC_Wait_Ack
<LI><a href="#[59]">&gt;&gt;</a>&nbsp;&nbsp;&nbsp;IIC_Stop
<LI><a href="#[57]">&gt;&gt;</a>&nbsp;&nbsp;&nbsp;IIC_Start
</UL>

<P><STRONG><a name="[61]"></a>adxl345_read_data</STRONG> (Thumb, 62 bytes, Stack size 16 bytes, adxl345.o(.text), UNUSED)
<BR><BR>[Calls]<UL><LI><a href="#[5e]">&gt;&gt;</a>&nbsp;&nbsp;&nbsp;IIC_Read_Byte
<LI><a href="#[5d]">&gt;&gt;</a>&nbsp;&nbsp;&nbsp;IIC_Send_Byte
<LI><a href="#[5b]">&gt;&gt;</a>&nbsp;&nbsp;&nbsp;IIC_Ack
<LI><a href="#[5a]">&gt;&gt;</a>&nbsp;&nbsp;&nbsp;IIC_Wait_Ack
<LI><a href="#[59]">&gt;&gt;</a>&nbsp;&nbsp;&nbsp;IIC_Stop
<LI><a href="#[57]">&gt;&gt;</a>&nbsp;&nbsp;&nbsp;IIC_Start
</UL>

<P><STRONG><a name="[62]"></a>adxl345_read_data_number</STRONG> (Thumb, 86 bytes, Stack size 24 bytes, adxl345.o(.text))
<BR><BR>[Stack]<UL><LI>Max Depth = 68<LI>Call Chain = adxl345_read_data_number &rArr; IIC_Read_Byte &rArr; SDA_IN &rArr; GPIO_Init
</UL>
<BR>[Calls]<UL><LI><a href="#[5e]">&gt;&gt;</a>&nbsp;&nbsp;&nbsp;IIC_Read_Byte
<LI><a href="#[5d]">&gt;&gt;</a>&nbsp;&nbsp;&nbsp;IIC_Send_Byte
<LI><a href="#[5c]">&gt;&gt;</a>&nbsp;&nbsp;&nbsp;IIC_NAck
<LI><a href="#[5b]">&gt;&gt;</a>&nbsp;&nbsp;&nbsp;IIC_Ack
<LI><a href="#[5a]">&gt;&gt;</a>&nbsp;&nbsp;&nbsp;IIC_Wait_Ack
<LI><a href="#[59]">&gt;&gt;</a>&nbsp;&nbsp;&nbsp;IIC_Stop
<LI><a href="#[57]">&gt;&gt;</a>&nbsp;&nbsp;&nbsp;IIC_Start
</UL>
<BR>[Called By]<UL><LI><a href="#[43]">&gt;&gt;</a>&nbsp;&nbsp;&nbsp;adxl345_get_xyz_data
</UL>

<P><STRONG><a name="[63]"></a>adxl345_write_data</STRONG> (Thumb, 46 bytes, Stack size 16 bytes, adxl345.o(.text))
<BR><BR>[Stack]<UL><LI>Max Depth = 52<LI>Call Chain = adxl345_write_data &rArr; IIC_Wait_Ack &rArr; SDA_IN &rArr; GPIO_Init
</UL>
<BR>[Calls]<UL><LI><a href="#[5d]">&gt;&gt;</a>&nbsp;&nbsp;&nbsp;IIC_Send_Byte
<LI><a href="#[5a]">&gt;&gt;</a>&nbsp;&nbsp;&nbsp;IIC_Wait_Ack
<LI><a href="#[59]">&gt;&gt;</a>&nbsp;&nbsp;&nbsp;IIC_Stop
<LI><a href="#[57]">&gt;&gt;</a>&nbsp;&nbsp;&nbsp;IIC_Start
</UL>
<BR>[Called By]<UL><LI><a href="#[40]">&gt;&gt;</a>&nbsp;&nbsp;&nbsp;adxl345_init
</UL>

<P><STRONG><a name="[40]"></a>adxl345_init</STRONG> (Thumb, 44 bytes, Stack size 8 bytes, adxl345.o(.text))
<BR><BR>[Stack]<UL><LI>Max Depth = 60<LI>Call Chain = adxl345_init &rArr; adxl345_write_data &rArr; IIC_Wait_Ack &rArr; SDA_IN &rArr; GPIO_Init
</UL>
<BR>[Calls]<UL><LI><a href="#[63]">&gt;&gt;</a>&nbsp;&nbsp;&nbsp;adxl345_write_data
</UL>
<BR>[Called By]<UL><LI><a href="#[2f]">&gt;&gt;</a>&nbsp;&nbsp;&nbsp;main
</UL>

<P><STRONG><a name="[43]"></a>adxl345_get_xyz_data</STRONG> (Thumb, 668 bytes, Stack size 40 bytes, adxl345.o(.text))
<BR><BR>[Stack]<UL><LI>Max Depth = 108<LI>Call Chain = adxl345_get_xyz_data &rArr; adxl345_read_data_number &rArr; IIC_Read_Byte &rArr; SDA_IN &rArr; GPIO_Init
</UL>
<BR>[Calls]<UL><LI><a href="#[62]">&gt;&gt;</a>&nbsp;&nbsp;&nbsp;adxl345_read_data_number
<LI><a href="#[64]">&gt;&gt;</a>&nbsp;&nbsp;&nbsp;__aeabi_ui2f
<LI><a href="#[65]">&gt;&gt;</a>&nbsp;&nbsp;&nbsp;__aeabi_f2iz
</UL>
<BR>[Called By]<UL><LI><a href="#[2f]">&gt;&gt;</a>&nbsp;&nbsp;&nbsp;main
</UL>

<P><STRONG><a name="[66]"></a>sensor_stream_init</STRONG> (Thumb, 142 bytes, Stack size 40 bytes, sensor_stream.o(.text), UNUSED)
<BR><BR>[Calls]<UL><LI><a href="#[69]">&gt;&gt;</a>&nbsp;&nbsp;&nbsp;TIM_TimeBaseInit
<LI><a href="#[6a]">&gt;&gt;</a>&nbsp;&nbsp;&nbsp;TIM_PrescalerConfig
<LI><a href="#[6c]">&gt;&gt;</a>&nbsp;&nbsp;&nbsp;TIM_OC1PreloadConfig
<LI><a href="#[6b]">&gt;&gt;</a>&nbsp;&nbsp;&nbsp;TIM_OC1Init
<LI><a href="#[6d]">&gt;&gt;</a>&nbsp;&nbsp;&nbsp;TIM_ITConfig
<LI><a href="#[6e]">&gt;&gt;</a>&nbsp;&nbsp;&nbsp;TIM_Cmd
<LI><a href="#[67]">&gt;&gt;</a>&nbsp;&nbsp;&nbsp;RCC_APB1PeriphClockCmd
<LI><a href="#[68]">&gt;&gt;</a>&nbsp;&nbsp;&nbsp;NVIC_Init
<LI><a href="#[5f]">&gt;&gt;</a>&nbsp;&nbsp;&nbsp;__aeabi_uidivmod
</UL>

<P><STRONG><a name="[4e]"></a>TIM3_Call_Back</STRONG> (Thumb, 60 bytes, Stack size 8 bytes, sensor_stream.o(.text))
<BR><BR>[Stack]<UL><LI>Max Depth = 20<LI>Call Chain = TIM3_Call_Back &rArr; TIM_GetITStatus
</UL>
<BR>[Calls]<UL><LI><a href="#[72]">&gt;&gt;</a>&nbsp;&nbsp;&nbsp;TIM_SetCompare1
<LI><a href="#[6f]">&gt;&gt;</a>&nbsp;&nbsp;&nbsp;TIM_GetITStatus
<LI><a href="#[71]">&gt;&gt;</a>&nbsp;&nbsp;&nbsp;TIM_GetCapture1
<LI><a href="#[70]">&gt;&gt;</a>&nbsp;&nbsp;&nbsp;TIM_ClearITPendingBit
</UL>
<BR>[Called By]<UL><LI><a href="#[18]">&gt;&gt;</a>&nbsp;&nbsp;&nbsp;TIM3_IRQHandler
</UL>

<P><STRONG><a name="[73]"></a>lm75a_read_data</STRONG> (Thumb, 116 bytes, Stack size 16 bytes, lm75a.o(.text))
<BR><BR>[Stack]<UL><LI>Max Depth = 60<LI>Call Chain = lm75a_read_data &rArr; IIC_Read_Byte &rArr; SDA_IN &rArr; GPIO_Init
</UL>
<BR>[Calls]<UL><LI><a href="#[5e]">&gt;&gt;</a>&nbsp;&nbsp;&nbsp;IIC_Read_Byte
<LI><a href="#[5d]">&gt;&gt;</a>&nbsp;&nbsp;&nbsp;IIC_Send_Byte
<LI><a href="#[5b]">&gt;&gt;</a>&nbsp;&nbsp;&nbsp;IIC_Ack
<LI><a href="#[5a]">&gt;&gt;</a>&nbsp;&nbsp;&nbsp;IIC_Wait_Ack
<LI><a href="#[59]">&gt;&gt;</a>&nbsp;&nbsp;&nbsp;IIC_Stop
<LI><a href="#[57]">&gt;&gt;</a>&nbsp;&nbsp;&nbsp;IIC_Start
</UL>
<BR>[Called By]<UL><LI><a href="#[45]">&gt;&gt;</a>&nbsp;&nbsp;&nbsp;lm75a_get_temp_data
</UL>

<P><STRONG><a name="[74]"></a>lm75a_write_data</STRONG> (Thumb, 102 bytes, Stack size 16 bytes, lm75a.o(.text))
<BR><BR>[Stack]<UL><LI>Max Depth = 52<LI>Call Chain = lm75a_write_data &rArr; IIC_Wait_Ack &rArr; SDA_IN &rArr; GPIO_Init
</UL>
<BR>[Calls]<UL><LI><a href="#[5d]">&gt;&gt;</a>&nbsp;&nbsp;&nbsp;IIC_Send_Byte
<LI><a href="#[5a]">&gt;&gt;</a>&nbsp;&nbsp;&nbsp;IIC_Wait_Ack
<LI><a href="#[59]">&gt;&gt;</a>&nbsp;&nbsp;&nbsp;IIC_Stop
<LI><a href="#[57]">&gt;&gt;</a>&nbsp;&nbsp;&nbsp;IIC_Start
</UL>
<BR>[Called By]<UL><LI><a href="#[42]">&gt;&gt;</a>&nbsp;&nbsp;&nbsp;lm75a_init
</UL>

<P><STRONG><a name="[42]"></a>lm75a_init</STRONG> (Thumb, 12 bytes, Stack size 8 bytes, lm75a.o(.text))
<BR><BR>[Stack]<UL><LI>Max Depth = 60<LI>Call Chain = lm75a_init &rArr; lm75a_write_data &rArr; IIC_Wait_Ack &rArr; SDA_IN &rArr; GPIO_Init
</UL>
<BR>[Calls]<UL><LI><a href="#[74]">&gt;&gt;</a>&nbsp;&nbsp;&nbsp;lm75a_write_data
</UL>
<BR>[Called By]<UL><LI><a href="#[2f]">&gt;&gt;</a>&nbsp;&nbsp;&nbsp;main
</UL>

<P><STRONG><a name="[45]"></a>lm75a_get_temp_data</STRONG> (Thumb, 118 bytes, Stack size 16 bytes, lm75a.o(.text))
<BR><BR>[Stack]<UL><LI>Max Depth = 76<LI>Call Chain = lm75a_get_temp_data &rArr; lm75a_read_data &rArr; IIC_Read_Byte &rArr; SDA_IN &rArr; GPIO_Init
</UL>
<BR>[Calls]<UL><LI><a href="#[73]">&gt;&gt;</a>&nbsp;&nbsp;&nbsp;lm75a_read_data
</UL>
<BR>[Called By]<UL><LI><a href="#[2f]">&gt;&gt;</a>&nbsp;&nbsp;&nbsp;main
</UL>

<P><STRONG><a name="[75]"></a>tls256l_read_data</STRONG> (Thumb, 62 bytes, Stack size 16 bytes, tls2561t.o(.text))
<BR><BR>[Stack]<UL><LI>Max Depth = 60<LI>Call Chain = tls256l_read_data &rArr; IIC_Read_Byte &rArr; SDA_IN &rArr; GPIO_Init
</UL>
<BR>[Calls]<UL><LI><a href="#[5e]">&gt;&gt;</a>&nbsp;&nbsp;&nbsp;IIC_Read_Byte
<LI><a href="#[5d]">&gt;&gt;</a>&nbsp;&nbsp;&nbsp;IIC_Send_Byte
<LI><a href="#[5b]">&gt;&gt;</a>&nbsp;&nbsp;&nbsp;IIC_Ack
<LI><a href="#[5a]">&gt;&gt;</a>&nbsp;&nbsp;&nbsp;IIC_Wait_Ack
<LI><a href="#[59]">&gt;&gt;</a>&nbsp;&nbsp;&nbsp;IIC_Stop
<LI><a href="#[57]">&gt;&gt;</a>&nbsp;&nbsp;&nbsp;IIC_Start
</UL>
<BR>[Called By]<UL><LI><a href="#[44]">&gt;&gt;</a>&nbsp;&nbsp;&nbsp;tls2561t_get_light_data
</UL>

<P><STRONG><a name="[76]"></a>tls2561t_write_data</STRONG> (Thumb, 46 bytes, Stack size 16 bytes, tls2561t.o(.text))
<BR><BR>[Stack]<UL><LI>Max Depth = 52<LI>Call Chain = tls2561t_write_data &rArr; IIC_Wait_Ack &rArr; SDA_IN &rArr; GPIO_Init
</UL>
<BR>[Calls]<UL><LI><a href="#[5d]">&gt;&gt;</a>&nbsp;&nbsp;&nbsp;IIC_Send_Byte
<LI><a href="#[5a]">&gt;&gt;</a>&nbsp;&nbsp;&nbsp;IIC_Wait_Ack
<LI><a href="#[59]">&gt;&gt;</a>&nbsp;&nbsp;&nbsp;IIC_Stop
<LI><a href="#[57]">&gt;&gt;</a>&nbsp;&nbsp;&nbsp;IIC_Start
</UL>
<BR>[Called By]<UL><LI><a href="#[41]">&gt;&gt;</a>&nbsp;&nbsp;&nbsp;tls2561t_init
<LI><a href="#[44]">&gt;&gt;</a>&nbsp;&nbsp;&nbsp;tls2561t_get_light_data
</UL>

<P><STRONG><a name="[41]"></a>tls2561t_init</STRONG> (Thumb, 36 bytes, Stack size 8 bytes, tls2561t.o(.text))
<BR><BR>[Stack]<UL><LI>Max Depth = 60<LI>Call Chain = tls2561t_init &rArr; tls2561t_write_data &rArr; IIC_Wait_Ack &rArr; SDA_IN &rArr; GPIO_Init
</UL>
<BR>[Calls]<UL><LI><a href="#[76]">&gt;&gt;</a>&nbsp;&nbsp;&nbsp;tls2561t_write_data
</UL>
<BR>[Called By]<UL><LI><a href="#[2f]">&gt;&gt;</a>&nbsp;&nbsp;&nbsp;main
</UL>

<P><STRONG><a name="[77]"></a>calculate_lux</STRONG> (Thumb, 374 bytes, Stack size 56 bytes, tls2561t.o(.text))
<BR><BR>[Stack]<UL><LI>Max Depth = 56<LI>Call Chain = calculate_lux
</UL>
<BR>[Calls]<UL><LI><a href="#[5f]">&gt;&gt;</a>&nbsp;&nbsp;&nbsp;__aeabi_uidivmod
</UL>
<BR>[Called By]<UL><LI><a href="#[44]">&gt;&gt;</a>&nbsp;&nbsp;&nbsp;tls2561t_get_light_data
</UL>

<P><STRONG><a name="[44]"></a>tls2561t_get_light_data</STRONG> (Thumb, 208 bytes, Stack size 32 bytes, tls2561t.o(.text))
<BR><BR>[Stack]<UL><LI>Max Depth = 92<LI>Call Chain = tls2561t_get_light_data &rArr; tls256l_read_data &rArr; IIC_Read_Byte &rArr; SDA_IN &rArr; GPIO_Init
</UL>
<BR>[Calls]<UL><LI><a href="#[77]">&gt;&gt;</a>&nbsp;&nbsp;&nbsp;calculate_lux
<LI><a href="#[76]">&gt;&gt;</a>&nbsp;&nbsp;&nbsp;tls2561t_write_data
<LI><a href="#[75]">&gt;&gt;</a>&nbsp;&nbsp;&nbsp;tls256l_read_data
<LI><a href="#[36]">&gt;&gt;</a>&nbsp;&nbsp;&nbsp;delay_ms
<LI><a href="#[5f]">&gt;&gt;</a>&nbsp;&nbsp;&nbsp;__aeabi_uidivmod
</UL>
<BR>[Called By]<UL><LI><a href="#[2f]">&gt;&gt;</a>&nbsp;&nbsp;&nbsp;main
</UL>

<P><STRONG><a name="[3e]"></a>I2C_Configuration</STRONG> (Thumb, 162 bytes, Stack size 48 bytes, i2chw.o(.text))
<BR><BR>[Stack]<UL><LI>Max Depth = 68<LI>Call Chain = I2C_Configuration &rArr; GPIO_PinAFConfig
</UL>
<BR>[Calls]<UL><LI><a href="#[78]">&gt;&gt;</a>&nbsp;&nbsp;&nbsp;RCC_I2CCLKConfig
<LI><a href="#[7c]">&gt;&gt;</a>&nbsp;&nbsp;&nbsp;I2C_Init
<LI><a href="#[7b]">&gt;&gt;</a>&nbsp;&nbsp;&nbsp;I2C_ITConfig
<LI><a href="#[7a]">&gt;&gt;</a>&nbsp;&nbsp;&nbsp;I2C_Cmd
<LI><a href="#[79]">&gt;&gt;</a>&nbsp;&nbsp;&nbsp;GPIO_PinAFConfig
<LI><a href="#[67]">&gt;&gt;</a>&nbsp;&nbsp;&nbsp;RCC_APB1PeriphClockCmd
<LI><a href="#[68]">&gt;&gt;</a>&nbsp;&nbsp;&nbsp;NVIC_Init
<LI><a href="#[37]">&gt;&gt;</a>&nbsp;&nbsp;&nbsp;GPIO_Init
</UL>
<BR>[Called By]<UL><LI><a href="#[2f]">&gt;&gt;</a>&nbsp;&nbsp;&nbsp;main
</UL>

<P><STRONG><a name="[4d]"></a>I2C_Call_Back</STRONG> (Thumb, 322 bytes, Stack size 0 bytes, i2chw.o(.text))
<BR><BR>[Called By]<UL><LI><a href="#[1d]">&gt;&gt;</a>&nbsp;&nbsp;&nbsp;I2C1_IRQHandler
</UL>

<P><STRONG><a name="[7d]"></a>GPIO_DeInit</STRONG> (Thumb, 156 bytes, Stack size 8 bytes, stm32f0xx_gpio.o(.text), UNUSED)
<BR><BR>[Calls]<UL><LI><a href="#[7e]">&gt;&gt;</a>&nbsp;&nbsp;&nbsp;RCC_AHBPeriphResetCmd
</UL>

<P><STRONG><a name="[37]"></a>GPIO_Init</STRONG> (Thumb, 144 bytes, Stack size 20 bytes, stm32f0xx_gpio.o(.text))
<BR><BR>[Stack]<UL><LI>Max Depth = 20<LI>Call Chain = GPIO_Init
</UL>
<BR>[Called By]<UL><LI><a href="#[51]">&gt;&gt;</a>&nbsp;&nbsp;&nbsp;SDA_IN
<LI><a href="#[4f]">&gt;&gt;</a>&nbsp;&nbsp;&nbsp;SDA_OUT
<LI><a href="#[3f]">&gt;&gt;</a>&nbsp;&nbsp;&nbsp;IIC_Sw_Init
<LI><a href="#[3e]">&gt;&gt;</a>&nbsp;&nbsp;&nbsp;I2C_Configuration
<LI><a href="#[3b]">&gt;&gt;</a>&nbsp;&nbsp;&nbsp;sys_gpio_init
<LI><a href="#[35]">&gt;&gt;</a>&nbsp;&nbsp;&nbsp;GPIO_Test_for_TE
</UL>

<P><STRONG><a name="[50]"></a>GPIO_StructInit</STRONG> (Thumb, 20 bytes, Stack size 0 bytes, stm32f0xx_gpio.o(.text))
<BR><BR>[Called By]<UL><LI><a href="#[51]">&gt;&gt;</a>&nbsp;&nbsp;&nbsp;SDA_IN
<LI><a href="#[4f]">&gt;&gt;</a>&nbsp;&nbsp;&nbsp;SDA_OUT
</UL>

<P><STRONG><a name="[be]"></a>GPIO_PinLockConfig</STRONG> (Thumb, 34 bytes, Stack size 8 bytes, stm32f0xx_gpio.o(.text), UNUSED)

<P><STRONG><a name="[39]"></a>GPIO_ReadInputDataBit</STRONG> (Thumb, 20 bytes, Stack size 0 bytes, stm32f0xx_gpio.o(.text))
<BR><BR>[Called By]<UL><LI><a href="#[52]">&gt;&gt;</a>&nbsp;&nbsp;&nbsp;SDA_READ
<LI><a href="#[35]">&gt;&gt;</a>&nbsp;&nbsp;&nbsp;GPIO_Test_for_TE
</UL>

<P><STRONG><a name="[bf]"></a>GPIO_ReadInputData</STRONG> (Thumb, 6 bytes, Stack size 0 bytes, stm32f0xx_gpio.o(.text), UNUSED)

<P><STRONG><a name="[c0]"></a>GPIO_ReadOutputDataBit</STRONG> (Thumb, 20 bytes, Stack size 0 bytes, stm32f0xx_gpio.o(.text), UNUSED)

<P><STRONG><a name="[c1]"></a>GPIO_ReadOutputData</STRONG> (Thumb, 6 bytes, Stack size 0 bytes, stm32f0xx_gpio.o(.text), UNUSED)

<P><STRONG><a name="[38]"></a>GPIO_SetBits</STRONG> (Thumb, 4 bytes, Stack size 0 bytes, stm32f0xx_gpio.o(.text))
<BR><BR>[Called By]<UL><LI><a href="#[55]">&gt;&gt;</a>&nbsp;&nbsp;&nbsp;IIC_SCL_1
<LI><a href="#[53]">&gt;&gt;</a>&nbsp;&nbsp;&nbsp;IIC_SDA_1
<LI><a href="#[3f]">&gt;&gt;</a>&nbsp;&nbsp;&nbsp;IIC_Sw_Init
<LI><a href="#[3b]">&gt;&gt;</a>&nbsp;&nbsp;&nbsp;sys_gpio_init
<LI><a href="#[35]">&gt;&gt;</a>&nbsp;&nbsp;&nbsp;GPIO_Test_for_TE
</UL>

<P><STRONG><a name="[3a]"></a>GPIO_ResetBits</STRONG> (Thumb, 4 bytes, Stack size 0 bytes, stm32f0xx_gpio.o(.text))
<BR><BR>[Called By]<UL><LI><a href="#[56]">&gt;&gt;</a>&nbsp;&nbsp;&nbsp;IIC_SCL_0
<LI><a href="#[54]">&gt;&gt;</a>&nbsp;&nbsp;&nbsp;IIC_SDA_0
<LI><a href="#[35]">&gt;&gt;</a>&nbsp;&nbsp;&nbsp;GPIO_Test_for_TE
</UL>

<P><STRONG><a name="[c2]"></a>GPIO_WriteBit</STRONG> (Thumb, 12 bytes, Stack size 0 bytes, stm32f0xx_gpio.o(.text), UNUSED)

<P><STRONG><a name="[c3]"></a>GPIO_Write</STRONG> (Thumb, 4 bytes, Stack size 0 bytes, stm32f0xx_gpio.o(.text), UNUSED)

<P><STRONG><a name="[79]"></a>GPIO_PinAFConfig</STRONG> (Thumb, 68 bytes, Stack size 20 bytes, stm32f0xx_gpio.o(.text))
<BR><BR>[Stack]<UL><LI>Max Depth = 20<LI>Call Chain = GPIO_PinAFConfig
</UL>
<BR>[Called By]<UL><LI><a href="#[3e]">&gt;&gt;</a>&nbsp;&nbsp;&nbsp;I2C_Configuration
</UL>

<P><STRONG><a name="[7f]"></a>I2C_DeInit</STRONG> (Thumb, 50 bytes, Stack size 8 bytes, stm32f0xx_i2c.o(.text), UNUSED)
<BR><BR>[Calls]<UL><LI><a href="#[80]">&gt;&gt;</a>&nbsp;&nbsp;&nbsp;RCC_APB1PeriphResetCmd
</UL>

<P><STRONG><a name="[7c]"></a>I2C_Init</STRONG> (Thumb, 98 bytes, Stack size 8 bytes, stm32f0xx_i2c.o(.text))
<BR><BR>[Stack]<UL><LI>Max Depth = 8<LI>Call Chain = I2C_Init
</UL>
<BR>[Called By]<UL><LI><a href="#[3e]">&gt;&gt;</a>&nbsp;&nbsp;&nbsp;I2C_Configuration
</UL>

<P><STRONG><a name="[c4]"></a>I2C_StructInit</STRONG> (Thumb, 24 bytes, Stack size 0 bytes, stm32f0xx_i2c.o(.text), UNUSED)

<P><STRONG><a name="[7a]"></a>I2C_Cmd</STRONG> (Thumb, 24 bytes, Stack size 0 bytes, stm32f0xx_i2c.o(.text))
<BR><BR>[Called By]<UL><LI><a href="#[3e]">&gt;&gt;</a>&nbsp;&nbsp;&nbsp;I2C_Configuration
</UL>

<P><STRONG><a name="[c5]"></a>I2C_SoftwareResetCmd</STRONG> (Thumb, 20 bytes, Stack size 0 bytes, stm32f0xx_i2c.o(.text), UNUSED)

<P><STRONG><a name="[7b]"></a>I2C_ITConfig</STRONG> (Thumb, 20 bytes, Stack size 0 bytes, stm32f0xx_i2c.o(.text))
<BR><BR>[Called By]<UL><LI><a href="#[3e]">&gt;&gt;</a>&nbsp;&nbsp;&nbsp;I2C_Configuration
</UL>

<P><STRONG><a name="[c6]"></a>I2C_StretchClockCmd</STRONG> (Thumb, 28 bytes, Stack size 0 bytes, stm32f0xx_i2c.o(.text), UNUSED)

<P><STRONG><a name="[c7]"></a>I2C_StopModeCmd</STRONG> (Thumb, 28 bytes, Stack size 0 bytes, stm32f0xx_i2c.o(.text), UNUSED)

<P><STRONG><a name="[c8]"></a>I2C_DualAddressCmd</STRONG> (Thumb, 28 bytes, Stack size 0 bytes, stm32f0xx_i2c.o(.text), UNUSED)

<P><STRONG><a name="[c9]"></a>I2C_OwnAddress2Config</STRONG> (Thumb, 32 bytes, Stack size 16 bytes, stm32f0xx_i2c.o(.text), UNUSED)

<P><STRONG><a name="[ca]"></a>I2C_GeneralCallCmd</STRONG> (Thumb, 28 bytes, Stack size 0 bytes, stm32f0xx_i2c.o(.text), UNUSED)

<P><STRONG><a name="[cb]"></a>I2C_SlaveByteControlCmd</STRONG> (Thumb, 28 bytes, Stack size 0 bytes, stm32f0xx_i2c.o(.text), UNUSED)

<P><STRONG><a name="[cc]"></a>I2C_SlaveAddressConfig</STRONG> (Thumb, 20 bytes, Stack size 0 bytes, stm32f0xx_i2c.o(.text), UNUSED)

<P><STRONG><a name="[cd]"></a>I2C_10BitAddressingModeCmd</STRONG> (Thumb, 28 bytes, Stack size 0 bytes, stm32f0xx_i2c.o(.text), UNUSED)

<P><STRONG><a name="[ce]"></a>I2C_AutoEndCmd</STRONG> (Thumb, 28 bytes, Stack size 0 bytes, stm32f0xx_i2c.o(.text), UNUSED)

<P><STRONG><a name="[cf]"></a>I2C_ReloadCmd</STRONG> (Thumb, 28 bytes, Stack size 0 bytes, stm32f0xx_i2c.o(.text), UNUSED)

<P><STRONG><a name="[d0]"></a>I2C_NumberOfBytesConfig</STRONG> (Thumb, 28 bytes, Stack size 8 bytes, stm32f0xx_i2c.o(.text), UNUSED)

<P><STRONG><a name="[d1]"></a>I2C_MasterRequestConfig</STRONG> (Thumb, 28 bytes, Stack size 0 bytes, stm32f0xx_i2c.o(.text), UNUSED)

<P><STRONG><a name="[d2]"></a>I2C_GenerateSTART</STRONG> (Thumb, 28 bytes, Stack size 0 bytes, stm32f0xx_i2c.o(.text), UNUSED)

<P><STRONG><a name="[d3]"></a>I2C_GenerateSTOP</STRONG> (Thumb, 28 bytes, Stack size 0 bytes, stm32f0xx_i2c.o(.text), UNUSED)

<P><STRONG><a name="[d4]"></a>I2C_10BitAddressHeaderCmd</STRONG> (Thumb, 28 bytes, Stack size 0 bytes, stm32f0xx_i2c.o(.text), UNUSED)

<P><STRONG><a name="[d5]"></a>I2C_AcknowledgeConfig</STRONG> (Thumb, 28 bytes, Stack size 0 bytes, stm32f0xx_i2c.o(.text), UNUSED)

<P><STRONG><a name="[d6]"></a>I2C_GetAddressMatched</STRONG> (Thumb, 14 bytes, Stack size 0 bytes, stm32f0xx_i2c.o(.text), UNUSED)

<P><STRONG><a name="[d7]"></a>I2C_GetTransferDirection</STRONG> (Thumb, 30 bytes, Stack size 8 bytes, stm32f0xx_i2c.o(.text), UNUSED)

<P><STRONG><a name="[d8]"></a>I2C_TransferHandling</STRONG> (Thumb, 38 bytes, Stack size 20 bytes, stm32f0xx_i2c.o(.text), UNUSED)

<P><STRONG><a name="[d9]"></a>I2C_SMBusAlertCmd</STRONG> (Thumb, 28 bytes, Stack size 0 bytes, stm32f0xx_i2c.o(.text), UNUSED)

<P><STRONG><a name="[da]"></a>I2C_ClockTimeoutCmd</STRONG> (Thumb, 28 bytes, Stack size 0 bytes, stm32f0xx_i2c.o(.text), UNUSED)

<P><STRONG><a name="[db]"></a>I2C_ExtendedClockTimeoutCmd</STRONG> (Thumb, 26 bytes, Stack size 0 bytes, stm32f0xx_i2c.o(.text), UNUSED)

<P><STRONG><a name="[dc]"></a>I2C_IdleClockTimeoutCmd</STRONG> (Thumb, 28 bytes, Stack size 0 bytes, stm32f0xx_i2c.o(.text), UNUSED)

<P><STRONG><a name="[dd]"></a>I2C_TimeoutAConfig</STRONG> (Thumb, 20 bytes, Stack size 0 bytes, stm32f0xx_i2c.o(.text), UNUSED)

<P><STRONG><a name="[de]"></a>I2C_TimeoutBConfig</STRONG> (Thumb, 26 bytes, Stack size 8 bytes, stm32f0xx_i2c.o(.text), UNUSED)

<P><STRONG><a name="[df]"></a>I2C_CalculatePEC</STRONG> (Thumb, 28 bytes, Stack size 0 bytes, stm32f0xx_i2c.o(.text), UNUSED)

<P><STRONG><a name="[e0]"></a>I2C_PECRequestCmd</STRONG> (Thumb, 28 bytes, Stack size 0 bytes, stm32f0xx_i2c.o(.text), UNUSED)

<P><STRONG><a name="[e1]"></a>I2C_GetPEC</STRONG> (Thumb, 8 bytes, Stack size 0 bytes, stm32f0xx_i2c.o(.text), UNUSED)

<P><STRONG><a name="[e2]"></a>I2C_ReadRegister</STRONG> (Thumb, 46 bytes, Stack size 8 bytes, stm32f0xx_i2c.o(.text), UNUSED)

<P><STRONG><a name="[e3]"></a>I2C_SendData</STRONG> (Thumb, 4 bytes, Stack size 0 bytes, stm32f0xx_i2c.o(.text), UNUSED)

<P><STRONG><a name="[e4]"></a>I2C_ReceiveData</STRONG> (Thumb, 8 bytes, Stack size 0 bytes, stm32f0xx_i2c.o(.text), UNUSED)

<P><STRONG><a name="[e5]"></a>I2C_DMACmd</STRONG> (Thumb, 20 bytes, Stack size 0 bytes, stm32f0xx_i2c.o(.text), UNUSED)

<P><STRONG><a name="[e6]"></a>I2C_GetFlagStatus</STRONG> (Thumb, 28 bytes, Stack size 8 bytes, stm32f0xx_i2c.o(.text), UNUSED)

<P><STRONG><a name="[e7]"></a>I2C_ClearFlag</STRONG> (Thumb, 4 bytes, Stack size 0 bytes, stm32f0xx_i2c.o(.text), UNUSED)

<P><STRONG><a name="[e8]"></a>I2C_GetITStatus</STRONG> (Thumb, 78 bytes, Stack size 16 bytes, stm32f0xx_i2c.o(.text), UNUSED)

<P><STRONG><a name="[e9]"></a>I2C_ClearITPendingBit</STRONG> (Thumb, 4 bytes, Stack size 0 bytes, stm32f0xx_i2c.o(.text), UNUSED)

<P><STRONG><a name="[68]"></a>NVIC_Init</STRONG> (Thumb, 106 bytes, Stack size 0 bytes, stm32f0xx_misc.o(.text))
<BR><BR>[Called By]<UL><LI><a href="#[66]">&gt;&gt;</a>&nbsp;&nbsp;&nbsp;sensor_stream_init
<LI><a href="#[3e]">&gt;&gt;</a>&nbsp;&nbsp;&nbsp;I2C_Configuration
</UL>

<P><STRONG><a name="[ea]"></a>NVIC_SystemLPConfig</STRONG> (Thumb, 28 bytes, Stack size 0 bytes, stm32f0xx_misc.o(.text), UNUSED)

<P><STRONG><a name="[eb]"></a>SysTick_CLKSourceConfig</STRONG> (Thumb, 32 bytes, Stack size 0 bytes, stm32f0xx_misc.o(.text), UNUSED)

<P><STRONG><a name="[ec]"></a>RCC_DeInit</STRONG> (Thumb, 102 bytes, Stack size 0 bytes, stm32f0xx_rcc.o(.text), UNUSED)

<P><STRONG><a name="[ed]"></a>RCC_HSEConfig</STRONG> (Thumb, 12 bytes, Stack size 0 bytes, stm32f0xx_rcc.o(.text), UNUSED)

<P><STRONG><a name="[49]"></a>RCC_GetFlagStatus</STRONG> (Thumb, 68 bytes, Stack size 8 bytes, stm32f0xx_rcc.o(.text), UNUSED)
<BR><BR>[Called By]<UL><LI><a href="#[46]">&gt;&gt;</a>&nbsp;&nbsp;&nbsp;RCC_Configuration
<LI><a href="#[81]">&gt;&gt;</a>&nbsp;&nbsp;&nbsp;RCC_WaitForHSEStartUp
</UL>

<P><STRONG><a name="[81]"></a>RCC_WaitForHSEStartUp</STRONG> (Thumb, 60 bytes, Stack size 16 bytes, stm32f0xx_rcc.o(.text), UNUSED)
<BR><BR>[Calls]<UL><LI><a href="#[49]">&gt;&gt;</a>&nbsp;&nbsp;&nbsp;RCC_GetFlagStatus
</UL>

<P><STRONG><a name="[ee]"></a>RCC_AdjustHSICalibrationValue</STRONG> (Thumb, 26 bytes, Stack size 0 bytes, stm32f0xx_rcc.o(.text), UNUSED)

<P><STRONG><a name="[ef]"></a>RCC_HSICmd</STRONG> (Thumb, 32 bytes, Stack size 0 bytes, stm32f0xx_rcc.o(.text), UNUSED)

<P><STRONG><a name="[f0]"></a>RCC_AdjustHSI14CalibrationValue</STRONG> (Thumb, 26 bytes, Stack size 0 bytes, stm32f0xx_rcc.o(.text), UNUSED)

<P><STRONG><a name="[f1]"></a>RCC_HSI14Cmd</STRONG> (Thumb, 32 bytes, Stack size 0 bytes, stm32f0xx_rcc.o(.text), UNUSED)

<P><STRONG><a name="[f2]"></a>RCC_HSI14ADCRequestCmd</STRONG> (Thumb, 32 bytes, Stack size 0 bytes, stm32f0xx_rcc.o(.text), UNUSED)

<P><STRONG><a name="[f3]"></a>RCC_LSEConfig</STRONG> (Thumb, 34 bytes, Stack size 0 bytes, stm32f0xx_rcc.o(.text), UNUSED)

<P><STRONG><a name="[f4]"></a>RCC_LSEDriveConfig</STRONG> (Thumb, 22 bytes, Stack size 0 bytes, stm32f0xx_rcc.o(.text), UNUSED)

<P><STRONG><a name="[f5]"></a>RCC_LSICmd</STRONG> (Thumb, 32 bytes, Stack size 0 bytes, stm32f0xx_rcc.o(.text), UNUSED)

<P><STRONG><a name="[47]"></a>RCC_PLLConfig</STRONG> (Thumb, 30 bytes, Stack size 0 bytes, stm32f0xx_rcc.o(.text), UNUSED)
<BR><BR>[Called By]<UL><LI><a href="#[46]">&gt;&gt;</a>&nbsp;&nbsp;&nbsp;RCC_Configuration
</UL>

<P><STRONG><a name="[48]"></a>RCC_PLLCmd</STRONG> (Thumb, 36 bytes, Stack size 0 bytes, stm32f0xx_rcc.o(.text), UNUSED)
<BR><BR>[Called By]<UL><LI><a href="#[46]">&gt;&gt;</a>&nbsp;&nbsp;&nbsp;RCC_Configuration
</UL>

<P><STRONG><a name="[f6]"></a>RCC_HSI48Cmd</STRONG> (Thumb, 36 bytes, Stack size 0 bytes, stm32f0xx_rcc.o(.text), UNUSED)

<P><STRONG><a name="[f7]"></a>RCC_PREDIV1Config</STRONG> (Thumb, 24 bytes, Stack size 0 bytes, stm32f0xx_rcc.o(.text), UNUSED)

<P><STRONG><a name="[f8]"></a>RCC_ClockSecuritySystemCmd</STRONG> (Thumb, 36 bytes, Stack size 0 bytes, stm32f0xx_rcc.o(.text), UNUSED)

<P><STRONG><a name="[f9]"></a>RCC_MCOConfig</STRONG> (Thumb, 6 bytes, Stack size 0 bytes, stm32f0xx_rcc.o(.text), UNUSED)

<P><STRONG><a name="[4a]"></a>RCC_SYSCLKConfig</STRONG> (Thumb, 24 bytes, Stack size 0 bytes, stm32f0xx_rcc.o(.text), UNUSED)
<BR><BR>[Called By]<UL><LI><a href="#[46]">&gt;&gt;</a>&nbsp;&nbsp;&nbsp;RCC_Configuration
</UL>

<P><STRONG><a name="[4b]"></a>RCC_GetSYSCLKSource</STRONG> (Thumb, 10 bytes, Stack size 0 bytes, stm32f0xx_rcc.o(.text), UNUSED)
<BR><BR>[Called By]<UL><LI><a href="#[46]">&gt;&gt;</a>&nbsp;&nbsp;&nbsp;RCC_Configuration
</UL>

<P><STRONG><a name="[fa]"></a>RCC_HCLKConfig</STRONG> (Thumb, 28 bytes, Stack size 0 bytes, stm32f0xx_rcc.o(.text), UNUSED)

<P><STRONG><a name="[fb]"></a>RCC_PCLKConfig</STRONG> (Thumb, 30 bytes, Stack size 0 bytes, stm32f0xx_rcc.o(.text), UNUSED)

<P><STRONG><a name="[fc]"></a>RCC_ADCCLKConfig</STRONG> (Thumb, 52 bytes, Stack size 0 bytes, stm32f0xx_rcc.o(.text), UNUSED)

<P><STRONG><a name="[fd]"></a>RCC_CECCLKConfig</STRONG> (Thumb, 22 bytes, Stack size 0 bytes, stm32f0xx_rcc.o(.text), UNUSED)

<P><STRONG><a name="[78]"></a>RCC_I2CCLKConfig</STRONG> (Thumb, 22 bytes, Stack size 0 bytes, stm32f0xx_rcc.o(.text))
<BR><BR>[Called By]<UL><LI><a href="#[3e]">&gt;&gt;</a>&nbsp;&nbsp;&nbsp;I2C_Configuration
</UL>

<P><STRONG><a name="[fe]"></a>RCC_USARTCLKConfig</STRONG> (Thumb, 68 bytes, Stack size 0 bytes, stm32f0xx_rcc.o(.text), UNUSED)

<P><STRONG><a name="[ff]"></a>RCC_USBCLKConfig</STRONG> (Thumb, 22 bytes, Stack size 0 bytes, stm32f0xx_rcc.o(.text), UNUSED)

<P><STRONG><a name="[82]"></a>RCC_GetClocksFreq</STRONG> (Thumb, 580 bytes, Stack size 32 bytes, stm32f0xx_rcc.o(.text), UNUSED)
<BR><BR>[Calls]<UL><LI><a href="#[5f]">&gt;&gt;</a>&nbsp;&nbsp;&nbsp;__aeabi_uidivmod
</UL>

<P><STRONG><a name="[100]"></a>RCC_RTCCLKConfig</STRONG> (Thumb, 12 bytes, Stack size 0 bytes, stm32f0xx_rcc.o(.text), UNUSED)

<P><STRONG><a name="[101]"></a>RCC_RTCCLKCmd</STRONG> (Thumb, 36 bytes, Stack size 0 bytes, stm32f0xx_rcc.o(.text), UNUSED)

<P><STRONG><a name="[102]"></a>RCC_BackupResetCmd</STRONG> (Thumb, 36 bytes, Stack size 0 bytes, stm32f0xx_rcc.o(.text), UNUSED)

<P><STRONG><a name="[3c]"></a>RCC_AHBPeriphClockCmd</STRONG> (Thumb, 28 bytes, Stack size 0 bytes, stm32f0xx_rcc.o(.text))
<BR><BR>[Called By]<UL><LI><a href="#[3b]">&gt;&gt;</a>&nbsp;&nbsp;&nbsp;sys_gpio_init
</UL>

<P><STRONG><a name="[103]"></a>RCC_APB2PeriphClockCmd</STRONG> (Thumb, 28 bytes, Stack size 0 bytes, stm32f0xx_rcc.o(.text), UNUSED)

<P><STRONG><a name="[67]"></a>RCC_APB1PeriphClockCmd</STRONG> (Thumb, 28 bytes, Stack size 0 bytes, stm32f0xx_rcc.o(.text))
<BR><BR>[Called By]<UL><LI><a href="#[66]">&gt;&gt;</a>&nbsp;&nbsp;&nbsp;sensor_stream_init
<LI><a href="#[3e]">&gt;&gt;</a>&nbsp;&nbsp;&nbsp;I2C_Configuration
</UL>

<P><STRONG><a name="[7e]"></a>RCC_AHBPeriphResetCmd</STRONG> (Thumb, 28 bytes, Stack size 0 bytes, stm32f0xx_rcc.o(.text), UNUSED)
<BR><BR>[Called By]<UL><LI><a href="#[7d]">&gt;&gt;</a>&nbsp;&nbsp;&nbsp;GPIO_DeInit
</UL>

<P><STRONG><a name="[84]"></a>RCC_APB2PeriphResetCmd</STRONG> (Thumb, 28 bytes, Stack size 0 bytes, stm32f0xx_rcc.o(.text), UNUSED)
<BR><BR>[Called By]<UL><LI><a href="#[83]">&gt;&gt;</a>&nbsp;&nbsp;&nbsp;TIM_DeInit
</UL>

<P><STRONG><a name="[80]"></a>RCC_APB1PeriphResetCmd</STRONG> (Thumb, 28 bytes, Stack size 0 bytes, stm32f0xx_rcc.o(.text), UNUSED)
<BR><BR>[Called By]<UL><LI><a href="#[83]">&gt;&gt;</a>&nbsp;&nbsp;&nbsp;TIM_DeInit
<LI><a href="#[7f]">&gt;&gt;</a>&nbsp;&nbsp;&nbsp;I2C_DeInit
</UL>

<P><STRONG><a name="[104]"></a>RCC_ITConfig</STRONG> (Thumb, 28 bytes, Stack size 0 bytes, stm32f0xx_rcc.o(.text), UNUSED)

<P><STRONG><a name="[105]"></a>RCC_ClearFlag</STRONG> (Thumb, 16 bytes, Stack size 0 bytes, stm32f0xx_rcc.o(.text), UNUSED)

<P><STRONG><a name="[106]"></a>RCC_GetITStatus</STRONG> (Thumb, 22 bytes, Stack size 0 bytes, stm32f0xx_rcc.o(.text), UNUSED)

<P><STRONG><a name="[107]"></a>RCC_ClearITPendingBit</STRONG> (Thumb, 6 bytes, Stack size 0 bytes, stm32f0xx_rcc.o(.text), UNUSED)

<P><STRONG><a name="[83]"></a>TIM_DeInit</STRONG> (Thumb, 228 bytes, Stack size 8 bytes, stm32f0xx_tim.o(.text), UNUSED)
<BR><BR>[Calls]<UL><LI><a href="#[80]">&gt;&gt;</a>&nbsp;&nbsp;&nbsp;RCC_APB1PeriphResetCmd
<LI><a href="#[84]">&gt;&gt;</a>&nbsp;&nbsp;&nbsp;RCC_APB2PeriphResetCmd
</UL>

<P><STRONG><a name="[69]"></a>TIM_TimeBaseInit</STRONG> (Thumb, 90 bytes, Stack size 0 bytes, stm32f0xx_tim.o(.text), UNUSED)
<BR><BR>[Called By]<UL><LI><a href="#[66]">&gt;&gt;</a>&nbsp;&nbsp;&nbsp;sensor_stream_init
</UL>

<P><STRONG><a name="[108]"></a>TIM_TimeBaseStructInit</STRONG> (Thumb, 18 bytes, Stack size 0 bytes, stm32f0xx_tim.o(.text), UNUSED)

<P><STRONG><a name="[6a]"></a>TIM_PrescalerConfig</STRONG> (Thumb, 6 bytes, Stack size 0 bytes, stm32f0xx_tim.o(.text), UNUSED)
<BR><BR>[Called By]<UL><LI><a href="#[66]">&gt;&gt;</a>&nbsp;&nbsp;&nbsp;sensor_stream_init
</UL>

<P><STRONG><a name="[109]"></a>TIM_CounterModeConfig</STRONG> (Thumb, 20 bytes, Stack size 0 bytes, stm32f0xx_tim.o(.text), UNUSED)

<P><STRONG><a name="[10a]"></a>TIM_SetCounter</STRONG> (Thumb, 4 bytes, Stack size 0 bytes, stm32f0xx_tim.o(.text), UNUSED)

<P><STRONG><a name="[10b]"></a>TIM_SetAutoreload</STRONG> (Thumb, 4 bytes, Stack size 0 bytes, stm32f0xx_tim.o(.text), UNUSED)

<P><STRONG><a name="[10c]"></a>TIM_GetCounter</STRONG> (Thumb, 6 bytes, Stack size 0 bytes, stm32f0xx_tim.o(.text), UNUSED)

<P><STRONG><a name="[10d]"></a>TIM_GetPrescaler</STRONG> (Thumb, 6 bytes, Stack size 0 bytes, stm32f0xx_tim.o(.text), UNUSED)

<P><STRONG><a name="[10e]"></a>TIM_UpdateDisableConfig</STRONG> (Thumb, 26 bytes, Stack size 0 bytes, stm32f0xx_tim.o(.text), UNUSED)

<P><STRONG><a name="[10f]"></a>TIM_UpdateRequestConfig</STRONG> (Thumb, 26 bytes, Stack size 0 bytes, stm32f0xx_tim.o(.text), UNUSED)

<P><STRONG><a name="[110]"></a>TIM_ARRPreloadConfig</STRONG> (Thumb, 26 bytes, Stack size 0 bytes, stm32f0xx_tim.o(.text), UNUSED)

<P><STRONG><a name="[111]"></a>TIM_SelectOnePulseMode</STRONG> (Thumb, 18 bytes, Stack size 0 bytes, stm32f0xx_tim.o(.text), UNUSED)

<P><STRONG><a name="[112]"></a>TIM_SetClockDivision</STRONG> (Thumb, 16 bytes, Stack size 0 bytes, stm32f0xx_tim.o(.text), UNUSED)

<P><STRONG><a name="[6e]"></a>TIM_Cmd</STRONG> (Thumb, 26 bytes, Stack size 0 bytes, stm32f0xx_tim.o(.text), UNUSED)
<BR><BR>[Called By]<UL><LI><a href="#[66]">&gt;&gt;</a>&nbsp;&nbsp;&nbsp;sensor_stream_init
</UL>

<P><STRONG><a name="[113]"></a>TIM_BDTRConfig</STRONG> (Thumb, 32 bytes, Stack size 0 bytes, stm32f0xx_tim.o(.text), UNUSED)

<P><STRONG><a name="[114]"></a>TIM_BDTRStructInit</STRONG> (Thumb, 18 bytes, Stack size 0 bytes, stm32f0xx_tim.o(.text), UNUSED)

<P><STRONG><a name="[115]"></a>TIM_CtrlPWMOutputs</STRONG> (Thumb, 34 bytes, Stack size 0 bytes, stm32f0xx_tim.o(.text), UNUSED)

<P><STRONG><a name="[6b]"></a>TIM_OC1Init</STRONG> (Thumb, 122 bytes, Stack size 16 bytes, stm32f0xx_tim.o(.text), UNUSED)
<BR><BR>[Called By]<UL><LI><a href="#[66]">&gt;&gt;</a>&nbsp;&nbsp;&nbsp;sensor_stream_init
</UL>

<P><STRONG><a name="[116]"></a>TIM_OC2Init</STRONG> (Thumb, 144 bytes, Stack size 16 bytes, stm32f0xx_tim.o(.text), UNUSED)

<P><STRONG><a name="[117]"></a>TIM_OC3Init</STRONG> (Thumb, 190 bytes, Stack size 16 bytes, stm32f0xx_tim.o(.text), UNUSED)

<P><STRONG><a name="[118]"></a>TIM_OC4Init</STRONG> (Thumb, 88 bytes, Stack size 16 bytes, stm32f0xx_tim.o(.text), UNUSED)

<P><STRONG><a name="[119]"></a>TIM_OCStructInit</STRONG> (Thumb, 20 bytes, Stack size 0 bytes, stm32f0xx_tim.o(.text), UNUSED)

<P><STRONG><a name="[11a]"></a>TIM_SelectOCxM</STRONG> (Thumb, 82 bytes, Stack size 16 bytes, stm32f0xx_tim.o(.text), UNUSED)

<P><STRONG><a name="[72]"></a>TIM_SetCompare1</STRONG> (Thumb, 4 bytes, Stack size 0 bytes, stm32f0xx_tim.o(.text))
<BR><BR>[Called By]<UL><LI><a href="#[4e]">&gt;&gt;</a>&nbsp;&nbsp;&nbsp;TIM3_Call_Back
</UL>

<P><STRONG><a name="[11b]"></a>TIM_SetCompare2</STRONG> (Thumb, 4 bytes, Stack size 0 bytes, stm32f0xx_tim.o(.text), UNUSED)

<P><STRONG><a name="[11c]"></a>TIM_SetCompare3</STRONG> (Thumb, 4 bytes, Stack size 0 bytes, stm32f0xx_tim.o(.text), UNUSED)

<P><STRONG><a name="[11d]"></a>TIM_SetCompare4</STRONG> (Thumb, 4 bytes, Stack size 0 bytes, stm32f0xx_tim.o(.text), UNUSED)

<P><STRONG><a name="[11e]"></a>TIM_ForcedOC1Config</STRONG> (Thumb, 20 bytes, Stack size 0 bytes, stm32f0xx_tim.o(.text), UNUSED)

<P><STRONG><a name="[11f]"></a>TIM_ForcedOC2Config</STRONG> (Thumb, 20 bytes, Stack size 0 bytes, stm32f0xx_tim.o(.text), UNUSED)

<P><STRONG><a name="[120]"></a>TIM_ForcedOC3Config</STRONG> (Thumb, 20 bytes, Stack size 0 bytes, stm32f0xx_tim.o(.text), UNUSED)

<P><STRONG><a name="[121]"></a>TIM_ForcedOC4Config</STRONG> (Thumb, 20 bytes, Stack size 0 bytes, stm32f0xx_tim.o(.text), UNUSED)

<P><STRONG><a name="[122]"></a>TIM_CCPreloadControl</STRONG> (Thumb, 26 bytes, Stack size 0 bytes, stm32f0xx_tim.o(.text), UNUSED)

<P><STRONG><a name="[6c]"></a>TIM_OC1PreloadConfig</STRONG> (Thumb, 22 bytes, Stack size 0 bytes, stm32f0xx_tim.o(.text), UNUSED)
<BR><BR>[Called By]<UL><LI><a href="#[66]">&gt;&gt;</a>&nbsp;&nbsp;&nbsp;sensor_stream_init
</UL>

<P><STRONG><a name="[123]"></a>TIM_OC2PreloadConfig</STRONG> (Thumb, 20 bytes, Stack size 0 bytes, stm32f0xx_tim.o(.text), UNUSED)

<P><STRONG><a name="[124]"></a>TIM_OC3PreloadConfig</STRONG> (Thumb, 22 bytes, Stack size 0 bytes, stm32f0xx_tim.o(.text), UNUSED)

<P><STRONG><a name="[125]"></a>TIM_OC4PreloadConfig</STRONG> (Thumb, 20 bytes, Stack size 0 bytes, stm32f0xx_tim.o(.text), UNUSED)

<P><STRONG><a name="[126]"></a>TIM_OC1FastConfig</STRONG> (Thumb, 22 bytes, Stack size 0 bytes, stm32f0xx_tim.o(.text), UNUSED)

<P><STRONG><a name="[127]"></a>TIM_OC2FastConfig</STRONG> (Thumb, 20 bytes, Stack size 0 bytes, stm32f0xx_tim.o(.text), UNUSED)

<P><STRONG><a name="[128]"></a>TIM_OC3FastConfig</STRONG> (Thumb, 22 bytes, Stack size 0 bytes, stm32f0xx_tim.o(.text), UNUSED)

<P><STRONG><a name="[129]"></a>TIM_OC4FastConfig</STRONG> (Thumb, 20 bytes, Stack size 0 bytes, stm32f0xx_tim.o(.text), UNUSED)

<P><STRONG><a name="[12a]"></a>TIM_ClearOC1Ref</STRONG> (Thumb, 22 bytes, Stack size 0 bytes, stm32f0xx_tim.o(.text), UNUSED)

<P><STRONG><a name="[12b]"></a>TIM_ClearOC2Ref</STRONG> (Thumb, 20 bytes, Stack size 0 bytes, stm32f0xx_tim.o(.text), UNUSED)

<P><STRONG><a name="[12c]"></a>TIM_ClearOC3Ref</STRONG> (Thumb, 22 bytes, Stack size 0 bytes, stm32f0xx_tim.o(.text), UNUSED)

<P><STRONG><a name="[12d]"></a>TIM_ClearOC4Ref</STRONG> (Thumb, 20 bytes, Stack size 0 bytes, stm32f0xx_tim.o(.text), UNUSED)

<P><STRONG><a name="[12e]"></a>TIM_OC1PolarityConfig</STRONG> (Thumb, 22 bytes, Stack size 0 bytes, stm32f0xx_tim.o(.text), UNUSED)

<P><STRONG><a name="[12f]"></a>TIM_OC1NPolarityConfig</STRONG> (Thumb, 22 bytes, Stack size 0 bytes, stm32f0xx_tim.o(.text), UNUSED)

<P><STRONG><a name="[130]"></a>TIM_OC2PolarityConfig</STRONG> (Thumb, 22 bytes, Stack size 0 bytes, stm32f0xx_tim.o(.text), UNUSED)

<P><STRONG><a name="[131]"></a>TIM_OC2NPolarityConfig</STRONG> (Thumb, 22 bytes, Stack size 0 bytes, stm32f0xx_tim.o(.text), UNUSED)

<P><STRONG><a name="[132]"></a>TIM_OC3PolarityConfig</STRONG> (Thumb, 20 bytes, Stack size 0 bytes, stm32f0xx_tim.o(.text), UNUSED)

<P><STRONG><a name="[133]"></a>TIM_OC3NPolarityConfig</STRONG> (Thumb, 20 bytes, Stack size 0 bytes, stm32f0xx_tim.o(.text), UNUSED)

<P><STRONG><a name="[134]"></a>TIM_OC4PolarityConfig</STRONG> (Thumb, 20 bytes, Stack size 0 bytes, stm32f0xx_tim.o(.text), UNUSED)

<P><STRONG><a name="[135]"></a>TIM_SelectOCREFClear</STRONG> (Thumb, 18 bytes, Stack size 0 bytes, stm32f0xx_tim.o(.text), UNUSED)

<P><STRONG><a name="[136]"></a>TIM_CCxCmd</STRONG> (Thumb, 30 bytes, Stack size 12 bytes, stm32f0xx_tim.o(.text), UNUSED)

<P><STRONG><a name="[137]"></a>TIM_CCxNCmd</STRONG> (Thumb, 30 bytes, Stack size 12 bytes, stm32f0xx_tim.o(.text), UNUSED)

<P><STRONG><a name="[138]"></a>TIM_SelectCOM</STRONG> (Thumb, 26 bytes, Stack size 0 bytes, stm32f0xx_tim.o(.text), UNUSED)

<P><STRONG><a name="[8d]"></a>TIM_SetIC4Prescaler</STRONG> (Thumb, 20 bytes, Stack size 0 bytes, stm32f0xx_tim.o(.text), UNUSED)
<BR><BR>[Called By]<UL><LI><a href="#[85]">&gt;&gt;</a>&nbsp;&nbsp;&nbsp;TIM_ICInit
</UL>

<P><STRONG><a name="[8b]"></a>TIM_SetIC3Prescaler</STRONG> (Thumb, 18 bytes, Stack size 0 bytes, stm32f0xx_tim.o(.text), UNUSED)
<BR><BR>[Called By]<UL><LI><a href="#[85]">&gt;&gt;</a>&nbsp;&nbsp;&nbsp;TIM_ICInit
</UL>

<P><STRONG><a name="[89]"></a>TIM_SetIC2Prescaler</STRONG> (Thumb, 78 bytes, Stack size 0 bytes, stm32f0xx_tim.o(.text), UNUSED)
<BR><BR>[Called By]<UL><LI><a href="#[8e]">&gt;&gt;</a>&nbsp;&nbsp;&nbsp;TIM_PWMIConfig
<LI><a href="#[85]">&gt;&gt;</a>&nbsp;&nbsp;&nbsp;TIM_ICInit
</UL>

<P><STRONG><a name="[87]"></a>TIM_SetIC1Prescaler</STRONG> (Thumb, 18 bytes, Stack size 0 bytes, stm32f0xx_tim.o(.text), UNUSED)
<BR><BR>[Called By]<UL><LI><a href="#[8e]">&gt;&gt;</a>&nbsp;&nbsp;&nbsp;TIM_PWMIConfig
<LI><a href="#[85]">&gt;&gt;</a>&nbsp;&nbsp;&nbsp;TIM_ICInit
</UL>

<P><STRONG><a name="[85]"></a>TIM_ICInit</STRONG> (Thumb, 112 bytes, Stack size 16 bytes, stm32f0xx_tim.o(.text), UNUSED)
<BR><BR>[Calls]<UL><LI><a href="#[87]">&gt;&gt;</a>&nbsp;&nbsp;&nbsp;TIM_SetIC1Prescaler
<LI><a href="#[89]">&gt;&gt;</a>&nbsp;&nbsp;&nbsp;TIM_SetIC2Prescaler
<LI><a href="#[8b]">&gt;&gt;</a>&nbsp;&nbsp;&nbsp;TIM_SetIC3Prescaler
<LI><a href="#[8d]">&gt;&gt;</a>&nbsp;&nbsp;&nbsp;TIM_SetIC4Prescaler
<LI><a href="#[86]">&gt;&gt;</a>&nbsp;&nbsp;&nbsp;TI1_Config
<LI><a href="#[88]">&gt;&gt;</a>&nbsp;&nbsp;&nbsp;TI2_Config
<LI><a href="#[8a]">&gt;&gt;</a>&nbsp;&nbsp;&nbsp;TI3_Config
<LI><a href="#[8c]">&gt;&gt;</a>&nbsp;&nbsp;&nbsp;TI4_Config
</UL>

<P><STRONG><a name="[139]"></a>TIM_ICStructInit</STRONG> (Thumb, 18 bytes, Stack size 0 bytes, stm32f0xx_tim.o(.text), UNUSED)

<P><STRONG><a name="[8e]"></a>TIM_PWMIConfig</STRONG> (Thumb, 124 bytes, Stack size 24 bytes, stm32f0xx_tim.o(.text), UNUSED)
<BR><BR>[Calls]<UL><LI><a href="#[87]">&gt;&gt;</a>&nbsp;&nbsp;&nbsp;TIM_SetIC1Prescaler
<LI><a href="#[89]">&gt;&gt;</a>&nbsp;&nbsp;&nbsp;TIM_SetIC2Prescaler
<LI><a href="#[86]">&gt;&gt;</a>&nbsp;&nbsp;&nbsp;TI1_Config
<LI><a href="#[88]">&gt;&gt;</a>&nbsp;&nbsp;&nbsp;TI2_Config
</UL>

<P><STRONG><a name="[71]"></a>TIM_GetCapture1</STRONG> (Thumb, 6 bytes, Stack size 0 bytes, stm32f0xx_tim.o(.text))
<BR><BR>[Called By]<UL><LI><a href="#[4e]">&gt;&gt;</a>&nbsp;&nbsp;&nbsp;TIM3_Call_Back
</UL>

<P><STRONG><a name="[13a]"></a>TIM_GetCapture2</STRONG> (Thumb, 6 bytes, Stack size 0 bytes, stm32f0xx_tim.o(.text), UNUSED)

<P><STRONG><a name="[13b]"></a>TIM_GetCapture3</STRONG> (Thumb, 6 bytes, Stack size 0 bytes, stm32f0xx_tim.o(.text), UNUSED)

<P><STRONG><a name="[13c]"></a>TIM_GetCapture4</STRONG> (Thumb, 6 bytes, Stack size 0 bytes, stm32f0xx_tim.o(.text), UNUSED)

<P><STRONG><a name="[6d]"></a>TIM_ITConfig</STRONG> (Thumb, 20 bytes, Stack size 0 bytes, stm32f0xx_tim.o(.text), UNUSED)
<BR><BR>[Called By]<UL><LI><a href="#[66]">&gt;&gt;</a>&nbsp;&nbsp;&nbsp;sensor_stream_init
</UL>

<P><STRONG><a name="[13d]"></a>TIM_GenerateEvent</STRONG> (Thumb, 4 bytes, Stack size 0 bytes, stm32f0xx_tim.o(.text), UNUSED)

<P><STRONG><a name="[13e]"></a>TIM_GetFlagStatus</STRONG> (Thumb, 20 bytes, Stack size 0 bytes, stm32f0xx_tim.o(.text), UNUSED)

<P><STRONG><a name="[13f]"></a>TIM_ClearFlag</STRONG> (Thumb, 6 bytes, Stack size 0 bytes, stm32f0xx_tim.o(.text), UNUSED)

<P><STRONG><a name="[6f]"></a>TIM_GetITStatus</STRONG> (Thumb, 38 bytes, Stack size 12 bytes, stm32f0xx_tim.o(.text))
<BR><BR>[Stack]<UL><LI>Max Depth = 12<LI>Call Chain = TIM_GetITStatus
</UL>
<BR>[Called By]<UL><LI><a href="#[4e]">&gt;&gt;</a>&nbsp;&nbsp;&nbsp;TIM3_Call_Back
</UL>

<P><STRONG><a name="[70]"></a>TIM_ClearITPendingBit</STRONG> (Thumb, 6 bytes, Stack size 0 bytes, stm32f0xx_tim.o(.text))
<BR><BR>[Called By]<UL><LI><a href="#[4e]">&gt;&gt;</a>&nbsp;&nbsp;&nbsp;TIM3_Call_Back
</UL>

<P><STRONG><a name="[140]"></a>TIM_DMAConfig</STRONG> (Thumb, 12 bytes, Stack size 8 bytes, stm32f0xx_tim.o(.text), UNUSED)

<P><STRONG><a name="[141]"></a>TIM_DMACmd</STRONG> (Thumb, 20 bytes, Stack size 0 bytes, stm32f0xx_tim.o(.text), UNUSED)

<P><STRONG><a name="[142]"></a>TIM_SelectCCDMA</STRONG> (Thumb, 26 bytes, Stack size 0 bytes, stm32f0xx_tim.o(.text), UNUSED)

<P><STRONG><a name="[143]"></a>TIM_InternalClockConfig</STRONG> (Thumb, 12 bytes, Stack size 0 bytes, stm32f0xx_tim.o(.text), UNUSED)

<P><STRONG><a name="[90]"></a>TIM_SelectInputTrigger</STRONG> (Thumb, 22 bytes, Stack size 0 bytes, stm32f0xx_tim.o(.text), UNUSED)
<BR><BR>[Called By]<UL><LI><a href="#[91]">&gt;&gt;</a>&nbsp;&nbsp;&nbsp;TIM_TIxExternalClockConfig
<LI><a href="#[8f]">&gt;&gt;</a>&nbsp;&nbsp;&nbsp;TIM_ITRxExternalClockConfig
</UL>

<P><STRONG><a name="[8f]"></a>TIM_ITRxExternalClockConfig</STRONG> (Thumb, 24 bytes, Stack size 12 bytes, stm32f0xx_tim.o(.text), UNUSED)
<BR><BR>[Calls]<UL><LI><a href="#[90]">&gt;&gt;</a>&nbsp;&nbsp;&nbsp;TIM_SelectInputTrigger
</UL>

<P><STRONG><a name="[91]"></a>TIM_TIxExternalClockConfig</STRONG> (Thumb, 58 bytes, Stack size 24 bytes, stm32f0xx_tim.o(.text), UNUSED)
<BR><BR>[Calls]<UL><LI><a href="#[90]">&gt;&gt;</a>&nbsp;&nbsp;&nbsp;TIM_SelectInputTrigger
<LI><a href="#[86]">&gt;&gt;</a>&nbsp;&nbsp;&nbsp;TI1_Config
<LI><a href="#[88]">&gt;&gt;</a>&nbsp;&nbsp;&nbsp;TI2_Config
</UL>

<P><STRONG><a name="[93]"></a>TIM_ETRConfig</STRONG> (Thumb, 24 bytes, Stack size 12 bytes, stm32f0xx_tim.o(.text), UNUSED)
<BR><BR>[Called By]<UL><LI><a href="#[94]">&gt;&gt;</a>&nbsp;&nbsp;&nbsp;TIM_ETRClockMode2Config
<LI><a href="#[92]">&gt;&gt;</a>&nbsp;&nbsp;&nbsp;TIM_ETRClockMode1Config
</UL>

<P><STRONG><a name="[92]"></a>TIM_ETRClockMode1Config</STRONG> (Thumb, 48 bytes, Stack size 36 bytes, stm32f0xx_tim.o(.text), UNUSED)
<BR><BR>[Calls]<UL><LI><a href="#[93]">&gt;&gt;</a>&nbsp;&nbsp;&nbsp;TIM_ETRConfig
</UL>

<P><STRONG><a name="[94]"></a>TIM_ETRClockMode2Config</STRONG> (Thumb, 34 bytes, Stack size 20 bytes, stm32f0xx_tim.o(.text), UNUSED)
<BR><BR>[Calls]<UL><LI><a href="#[93]">&gt;&gt;</a>&nbsp;&nbsp;&nbsp;TIM_ETRConfig
</UL>

<P><STRONG><a name="[144]"></a>TIM_SelectOutputTrigger</STRONG> (Thumb, 18 bytes, Stack size 0 bytes, stm32f0xx_tim.o(.text), UNUSED)

<P><STRONG><a name="[145]"></a>TIM_SelectSlaveMode</STRONG> (Thumb, 18 bytes, Stack size 0 bytes, stm32f0xx_tim.o(.text), UNUSED)

<P><STRONG><a name="[146]"></a>TIM_SelectMasterSlaveMode</STRONG> (Thumb, 18 bytes, Stack size 0 bytes, stm32f0xx_tim.o(.text), UNUSED)

<P><STRONG><a name="[147]"></a>TIM_EncoderInterfaceConfig</STRONG> (Thumb, 60 bytes, Stack size 20 bytes, stm32f0xx_tim.o(.text), UNUSED)

<P><STRONG><a name="[148]"></a>TIM_SelectHallSensor</STRONG> (Thumb, 26 bytes, Stack size 0 bytes, stm32f0xx_tim.o(.text), UNUSED)

<P><STRONG><a name="[149]"></a>TIM_RemapConfig</STRONG> (Thumb, 6 bytes, Stack size 0 bytes, stm32f0xx_tim.o(.text), UNUSED)

<P><STRONG><a name="[5]"></a>Reset_Handler</STRONG> (Thumb, 38 bytes, Stack size 0 bytes, startup_stm32f030.o(.text))
<BR>[Address Reference Count : 1]<UL><LI> startup_stm32f030.o(RESET)
</UL>
<P><STRONG><a name="[15]"></a>ADC1_IRQHandler</STRONG> (Thumb, 0 bytes, Stack size 0 bytes, startup_stm32f030.o(.text))
<BR><BR>[Calls]<UL><LI><a href="#[15]">&gt;&gt;</a>&nbsp;&nbsp;&nbsp;ADC1_IRQHandler
</UL>
<BR>[Called By]<UL><LI><a href="#[15]">&gt;&gt;</a>&nbsp;&nbsp;&nbsp;ADC1_IRQHandler
</UL>
<BR>[Address Reference Count : 1]<UL><LI> startup_stm32f030.o(RESET)
</UL>
<P><STRONG><a name="[12]"></a>DMA1_Channel1_IRQHandler</STRONG> (Thumb, 0 bytes, Stack size 0 bytes, startup_stm32f030.o(.text))
<BR>[Address Reference Count : 1]<UL><LI> startup_stm32f030.o(RESET)
</UL>
<P><STRONG><a name="[13]"></a>DMA1_Channel2_3_IRQHandler</STRONG> (Thumb, 0 bytes, Stack size 0 bytes, startup_stm32f030.o(.text))
<BR>[Address Reference Count : 1]<UL><LI> startup_stm32f030.o(RESET)
</UL>
<P><STRONG><a name="[14]"></a>DMA1_Channel4_5_IRQHandler</STRONG> (Thumb, 0 bytes, Stack size 0 bytes, startup_stm32f030.o(.text))
<BR>[Address Reference Count : 1]<UL><LI> startup_stm32f030.o(RESET)
</UL>
<P><STRONG><a name="[f]"></a>EXTI0_1_IRQHandler</STRONG> (Thumb, 0 bytes, Stack size 0 bytes, startup_stm32f030.o(.text))
<BR>[Address Reference Count : 1]<UL><LI> startup_stm32f030.o(RESET)
</UL>
<P><STRONG><a name="[10]"></a>EXTI2_3_IRQHandler</STRONG> (Thumb, 0 bytes, Stack size 0 bytes, startup_stm32f030.o(.text))
<BR>[Address Reference Count : 1]<UL><LI> startup_stm32f030.o(RESET)
</UL>
<P><STRONG><a name="[11]"></a>EXTI4_15_IRQHandler</STRONG> (Thumb, 0 bytes, Stack size 0 bytes, startup_stm32f030.o(.text))
<BR>[Address Reference Count : 1]<UL><LI> startup_stm32f030.o(RESET)
</UL>
<P><STRONG><a name="[d]"></a>FLASH_IRQHandler</STRONG> (Thumb, 0 bytes, Stack size 0 bytes, startup_stm32f030.o(.text))
<BR>[Address Reference Count : 1]<UL><LI> startup_stm32f030.o(RESET)
</UL>
<P><STRONG><a name="[1e]"></a>I2C2_IRQHandler</STRONG> (Thumb, 0 bytes, Stack size 0 bytes, startup_stm32f030.o(.text))
<BR>[Address Reference Count : 1]<UL><LI> startup_stm32f030.o(RESET)
</UL>
<P><STRONG><a name="[e]"></a>RCC_IRQHandler</STRONG> (Thumb, 0 bytes, Stack size 0 bytes, startup_stm32f030.o(.text))
<BR>[Address Reference Count : 1]<UL><LI> startup_stm32f030.o(RESET)
</UL>
<P><STRONG><a name="[c]"></a>RTC_IRQHandler</STRONG> (Thumb, 0 bytes, Stack size 0 bytes, startup_stm32f030.o(.text))
<BR>[Address Reference Count : 1]<UL><LI> startup_stm32f030.o(RESET)
</UL>
<P><STRONG><a name="[1f]"></a>SPI1_IRQHandler</STRONG> (Thumb, 0 bytes, Stack size 0 bytes, startup_stm32f030.o(.text))
<BR>[Address Reference Count : 1]<UL><LI> startup_stm32f030.o(RESET)
</UL>
<P><STRONG><a name="[20]"></a>SPI2_IRQHandler</STRONG> (Thumb, 0 bytes, Stack size 0 bytes, startup_stm32f030.o(.text))
<BR>[Address Reference Count : 1]<UL><LI> startup_stm32f030.o(RESET)
</UL>
<P><STRONG><a name="[19]"></a>TIM14_IRQHandler</STRONG> (Thumb, 0 bytes, Stack size 0 bytes, startup_stm32f030.o(.text))
<BR>[Address Reference Count : 1]<UL><LI> startup_stm32f030.o(RESET)
</UL>
<P><STRONG><a name="[1a]"></a>TIM15_IRQHandler</STRONG> (Thumb, 0 bytes, Stack size 0 bytes, startup_stm32f030.o(.text))
<BR>[Address Reference Count : 1]<UL><LI> startup_stm32f030.o(RESET)
</UL>
<P><STRONG><a name="[1b]"></a>TIM16_IRQHandler</STRONG> (Thumb, 0 bytes, Stack size 0 bytes, startup_stm32f030.o(.text))
<BR>[Address Reference Count : 1]<UL><LI> startup_stm32f030.o(RESET)
</UL>
<P><STRONG><a name="[1c]"></a>TIM17_IRQHandler</STRONG> (Thumb, 0 bytes, Stack size 0 bytes, startup_stm32f030.o(.text))
<BR>[Address Reference Count : 1]<UL><LI> startup_stm32f030.o(RESET)
</UL>
<P><STRONG><a name="[16]"></a>TIM1_BRK_UP_TRG_COM_IRQHandler</STRONG> (Thumb, 0 bytes, Stack size 0 bytes, startup_stm32f030.o(.text))
<BR>[Address Reference Count : 1]<UL><LI> startup_stm32f030.o(RESET)
</UL>
<P><STRONG><a name="[17]"></a>TIM1_CC_IRQHandler</STRONG> (Thumb, 0 bytes, Stack size 0 bytes, startup_stm32f030.o(.text))
<BR>[Address Reference Count : 1]<UL><LI> startup_stm32f030.o(RESET)
</UL>
<P><STRONG><a name="[21]"></a>USART1_IRQHandler</STRONG> (Thumb, 0 bytes, Stack size 0 bytes, startup_stm32f030.o(.text))
<BR>[Address Reference Count : 1]<UL><LI> startup_stm32f030.o(RESET)
</UL>
<P><STRONG><a name="[22]"></a>USART2_IRQHandler</STRONG> (Thumb, 0 bytes, Stack size 0 bytes, startup_stm32f030.o(.text))
<BR>[Address Reference Count : 1]<UL><LI> startup_stm32f030.o(RESET)
</UL>
<P><STRONG><a name="[b]"></a>WWDG_IRQHandler</STRONG> (Thumb, 0 bytes, Stack size 0 bytes, startup_stm32f030.o(.text))
<BR>[Address Reference Count : 1]<UL><LI> startup_stm32f030.o(RESET)
</UL>
<P><STRONG><a name="[9a]"></a>__user_initial_stackheap</STRONG> (Thumb, 0 bytes, Stack size unknown bytes, startup_stm32f030.o(.text))
<BR><BR>[Called By]<UL><LI><a href="#[2b]">&gt;&gt;</a>&nbsp;&nbsp;&nbsp;__user_setup_stackheap
</UL>

<P><STRONG><a name="[23]"></a>SystemInit</STRONG> (Thumb, 110 bytes, Stack size 8 bytes, system_stm32f0xx.o(.text))
<BR><BR>[Stack]<UL><LI>Max Depth = 20<LI>Call Chain = SystemInit &rArr; SetSysClock
</UL>
<BR>[Calls]<UL><LI><a href="#[95]">&gt;&gt;</a>&nbsp;&nbsp;&nbsp;SetSysClock
</UL>
<BR>[Address Reference Count : 1]<UL><LI> startup_stm32f030.o(.text)
</UL>
<P><STRONG><a name="[96]"></a>SystemCoreClockUpdate</STRONG> (Thumb, 154 bytes, Stack size 24 bytes, system_stm32f0xx.o(.text), UNUSED)
<BR><BR>[Calls]<UL><LI><a href="#[5f]">&gt;&gt;</a>&nbsp;&nbsp;&nbsp;__aeabi_uidivmod
</UL>

<P><STRONG><a name="[14a]"></a>__aeabi_uidiv</STRONG> (Thumb, 0 bytes, Stack size 0 bytes, aeabi_sdiv.o(.text), UNUSED)

<P><STRONG><a name="[5f]"></a>__aeabi_uidivmod</STRONG> (Thumb, 20 bytes, Stack size 0 bytes, aeabi_sdiv.o(.text))
<BR><BR>[Called By]<UL><LI><a href="#[77]">&gt;&gt;</a>&nbsp;&nbsp;&nbsp;calculate_lux
<LI><a href="#[66]">&gt;&gt;</a>&nbsp;&nbsp;&nbsp;sensor_stream_init
<LI><a href="#[58]">&gt;&gt;</a>&nbsp;&nbsp;&nbsp;delay_us
<LI><a href="#[44]">&gt;&gt;</a>&nbsp;&nbsp;&nbsp;tls2561t_get_light_data
<LI><a href="#[3d]">&gt;&gt;</a>&nbsp;&nbsp;&nbsp;delay_init
<LI><a href="#[96]">&gt;&gt;</a>&nbsp;&nbsp;&nbsp;SystemCoreClockUpdate
<LI><a href="#[82]">&gt;&gt;</a>&nbsp;&nbsp;&nbsp;RCC_GetClocksFreq
</UL>

<P><STRONG><a name="[14b]"></a>__aeabi_idiv</STRONG> (Thumb, 0 bytes, Stack size 8 bytes, aeabi_sdiv.o(.text), UNUSED)

<P><STRONG><a name="[14c]"></a>__aeabi_idivmod</STRONG> (Thumb, 326 bytes, Stack size 8 bytes, aeabi_sdiv.o(.text), UNUSED)

<P><STRONG><a name="[14d]"></a>__use_two_region_memory</STRONG> (Thumb, 2 bytes, Stack size 0 bytes, heapauxi.o(.text), UNUSED)

<P><STRONG><a name="[14e]"></a>__rt_heap_escrow$2region</STRONG> (Thumb, 2 bytes, Stack size 0 bytes, heapauxi.o(.text), UNUSED)

<P><STRONG><a name="[14f]"></a>__rt_heap_expand$2region</STRONG> (Thumb, 2 bytes, Stack size 0 bytes, heapauxi.o(.text), UNUSED)

<P><STRONG><a name="[65]"></a>__aeabi_f2iz</STRONG> (Thumb, 0 bytes, Stack size 8 bytes, ffixi.o(.text))
<BR><BR>[Stack]<UL><LI>Max Depth = 8<LI>Call Chain = __aeabi_f2iz
</UL>
<BR>[Called By]<UL><LI><a href="#[43]">&gt;&gt;</a>&nbsp;&nbsp;&nbsp;adxl345_get_xyz_data
</UL>

<P><STRONG><a name="[150]"></a>_ffix</STRONG> (Thumb, 76 bytes, Stack size 8 bytes, ffixi.o(.text), UNUSED)

<P><STRONG><a name="[98]"></a>__aeabi_i2f_normalise</STRONG> (Thumb, 72 bytes, Stack size 0 bytes, fflti.o(.text))
<BR><BR>[Called By]<UL><LI><a href="#[64]">&gt;&gt;</a>&nbsp;&nbsp;&nbsp;__aeabi_ui2f
<LI><a href="#[97]">&gt;&gt;</a>&nbsp;&nbsp;&nbsp;__aeabi_i2f
</UL>

<P><STRONG><a name="[97]"></a>__aeabi_i2f</STRONG> (Thumb, 16 bytes, Stack size 0 bytes, fflti.o(.text), UNUSED)
<BR><BR>[Calls]<UL><LI><a href="#[98]">&gt;&gt;</a>&nbsp;&nbsp;&nbsp;__aeabi_i2f_normalise
</UL>

<P><STRONG><a name="[151]"></a>_fflt</STRONG> (Thumb, 0 bytes, Stack size 0 bytes, fflti.o(.text), UNUSED)

<P><STRONG><a name="[64]"></a>__aeabi_ui2f</STRONG> (Thumb, 6 bytes, Stack size 0 bytes, fflti.o(.text))
<BR><BR>[Calls]<UL><LI><a href="#[98]">&gt;&gt;</a>&nbsp;&nbsp;&nbsp;__aeabi_i2f_normalise
</UL>
<BR>[Called By]<UL><LI><a href="#[43]">&gt;&gt;</a>&nbsp;&nbsp;&nbsp;adxl345_get_xyz_data
</UL>

<P><STRONG><a name="[152]"></a>_ffltu</STRONG> (Thumb, 0 bytes, Stack size 0 bytes, fflti.o(.text), UNUSED)

<P><STRONG><a name="[2b]"></a>__user_setup_stackheap</STRONG> (Thumb, 62 bytes, Stack size 8 bytes, sys_stackheap_outer.o(.text))
<BR><BR>[Stack]<UL><LI>Max Depth = 8 + Unknown Stack Size
<LI>Call Chain = __user_setup_stackheap
</UL>
<BR>[Calls]<UL><LI><a href="#[99]">&gt;&gt;</a>&nbsp;&nbsp;&nbsp;__user_perproc_libspace
<LI><a href="#[9a]">&gt;&gt;</a>&nbsp;&nbsp;&nbsp;__user_initial_stackheap
</UL>
<BR>[Called By]<UL><LI><a href="#[2a]">&gt;&gt;</a>&nbsp;&nbsp;&nbsp;__rt_entry_sh
</UL>

<P><STRONG><a name="[30]"></a>exit</STRONG> (Thumb, 12 bytes, Stack size 0 bytes, exit.o(.text))
<BR><BR>[Calls]<UL><LI><a href="#[9c]">&gt;&gt;</a>&nbsp;&nbsp;&nbsp;__rt_exit
<LI><a href="#[9b]">&gt;&gt;</a>&nbsp;&nbsp;&nbsp;_call_atexit_fns (Weak Reference)
</UL>
<BR>[Called By]<UL><LI><a href="#[2e]">&gt;&gt;</a>&nbsp;&nbsp;&nbsp;__rt_entry_main
</UL>

<P><STRONG><a name="[153]"></a>__user_libspace</STRONG> (Thumb, 8 bytes, Stack size 0 bytes, libspace.o(.text), UNUSED)

<P><STRONG><a name="[99]"></a>__user_perproc_libspace</STRONG> (Thumb, 0 bytes, Stack size 0 bytes, libspace.o(.text))
<BR><BR>[Called By]<UL><LI><a href="#[2b]">&gt;&gt;</a>&nbsp;&nbsp;&nbsp;__user_setup_stackheap
</UL>

<P><STRONG><a name="[154]"></a>__user_perthread_libspace</STRONG> (Thumb, 0 bytes, Stack size 0 bytes, libspace.o(.text), UNUSED)

<P><STRONG><a name="[34]"></a>_sys_exit</STRONG> (Thumb, 8 bytes, Stack size 0 bytes, sys_exit.o(.text))
<BR><BR>[Called By]<UL><LI><a href="#[33]">&gt;&gt;</a>&nbsp;&nbsp;&nbsp;__rt_exit_exit
</UL>

<P><STRONG><a name="[155]"></a>__I$use$semihosting</STRONG> (Thumb, 0 bytes, Stack size 0 bytes, use_no_semi.o(.text), UNUSED)

<P><STRONG><a name="[156]"></a>__use_no_semihosting_swi</STRONG> (Thumb, 2 bytes, Stack size 0 bytes, use_no_semi.o(.text), UNUSED)

<P><STRONG><a name="[157]"></a>__semihosting_library_function</STRONG> (Thumb, 0 bytes, Stack size unknown bytes, indicate_semi.o(.text), UNUSED)
<P>
<H3>
Local Symbols
</H3>
<P><STRONG><a name="[60]"></a>NVIC_SetPriority</STRONG> (Thumb, 110 bytes, Stack size 8 bytes, delay.o(.text))
<BR><BR>[Stack]<UL><LI>Max Depth = 8<LI>Call Chain = NVIC_SetPriority
</UL>
<BR>[Called By]<UL><LI><a href="#[3d]">&gt;&gt;</a>&nbsp;&nbsp;&nbsp;delay_init
</UL>

<P><STRONG><a name="[8c]"></a>TI4_Config</STRONG> (Thumb, 66 bytes, Stack size 24 bytes, stm32f0xx_tim.o(.text), UNUSED)
<BR><BR>[Called By]<UL><LI><a href="#[85]">&gt;&gt;</a>&nbsp;&nbsp;&nbsp;TIM_ICInit
</UL>

<P><STRONG><a name="[8a]"></a>TI3_Config</STRONG> (Thumb, 66 bytes, Stack size 24 bytes, stm32f0xx_tim.o(.text), UNUSED)
<BR><BR>[Called By]<UL><LI><a href="#[85]">&gt;&gt;</a>&nbsp;&nbsp;&nbsp;TIM_ICInit
</UL>

<P><STRONG><a name="[88]"></a>TI2_Config</STRONG> (Thumb, 66 bytes, Stack size 24 bytes, stm32f0xx_tim.o(.text), UNUSED)
<BR><BR>[Called By]<UL><LI><a href="#[91]">&gt;&gt;</a>&nbsp;&nbsp;&nbsp;TIM_TIxExternalClockConfig
<LI><a href="#[8e]">&gt;&gt;</a>&nbsp;&nbsp;&nbsp;TIM_PWMIConfig
<LI><a href="#[85]">&gt;&gt;</a>&nbsp;&nbsp;&nbsp;TIM_ICInit
</UL>

<P><STRONG><a name="[86]"></a>TI1_Config</STRONG> (Thumb, 54 bytes, Stack size 20 bytes, stm32f0xx_tim.o(.text), UNUSED)
<BR><BR>[Called By]<UL><LI><a href="#[91]">&gt;&gt;</a>&nbsp;&nbsp;&nbsp;TIM_TIxExternalClockConfig
<LI><a href="#[8e]">&gt;&gt;</a>&nbsp;&nbsp;&nbsp;TIM_PWMIConfig
<LI><a href="#[85]">&gt;&gt;</a>&nbsp;&nbsp;&nbsp;TIM_ICInit
</UL>

<P><STRONG><a name="[95]"></a>SetSysClock</STRONG> (Thumb, 206 bytes, Stack size 12 bytes, system_stm32f0xx.o(.text))
<BR><BR>[Stack]<UL><LI>Max Depth = 12<LI>Call Chain = SetSysClock
</UL>
<BR>[Called By]<UL><LI><a href="#[23]">&gt;&gt;</a>&nbsp;&nbsp;&nbsp;SystemInit
</UL>
<P>
<H3>
Undefined Global Symbols
</H3>
<P><STRONG><a name="[9b]"></a>_call_atexit_fns</STRONG> (ARM, 0 bytes, Stack size 0 bytes, UNDEFINED)
<BR><BR>[Called By]<UL><LI><a href="#[30]">&gt;&gt;</a>&nbsp;&nbsp;&nbsp;exit
</UL>
<HR></body></html>
